Component: ARM Compiler 5.06 update 6 (build 750) Tool: armlink [4d35ed]

==============================================================================

Section Cross References

    main.o(i.main) refers to stm32f4xx_hal.o(i.HAL_Init) for HAL_Init
    main.o(i.main) refers to sys.o(i.Stm32_Clock_Init) for Stm32_Clock_Init
    main.o(i.main) refers to delay.o(i.delay_init) for delay_init
    main.o(i.main) refers to usart.o(i.uart_init) for uart_init
    main.o(i.main) refers to led.o(i.LED_Init) for LED_Init
    main.o(i.main) refers to remote.o(i.Remote_Init) for Remote_Init
    main.o(i.main) refers to key.o(i.KEY_Init) for KEY_Init
    main.o(i.main) refers to lcd.o(i.LCD_Init) for LCD_Init
    main.o(i.main) refers to sram.o(i.SRAM_Init) for SRAM_Init
    main.o(i.main) refers to w25qxx.o(i.W25QXX_Init) for W25QXX_Init
    main.o(i.main) refers to wm8978.o(i.WM8978_Init) for WM8978_Init
    main.o(i.main) refers to wm8978.o(i.WM8978_HPvol_Set) for WM8978_HPvol_Set
    main.o(i.main) refers to wm8978.o(i.WM8978_SPKvol_Set) for WM8978_SPKvol_Set
    main.o(i.main) refers to malloc.o(i.my_mem_init) for my_mem_init
    main.o(i.main) refers to exfuns.o(i.exfuns_init) for exfuns_init
    main.o(i.main) refers to ff.o(i.f_mount) for f_mount
    main.o(i.main) refers to printf8.o(i.__0printf$8) for __2printf
    main.o(i.main) refers to main.o(i.writeFlash) for writeFlash
    main.o(i.main) refers to audioplay.o(i.audio_play) for audio_play
    main.o(i.main) refers to usmart_config.o(.data) for usmart_dev
    main.o(i.main) refers to exfuns.o(.data) for fs
    main.o(i.main) refers to main.o(.constdata) for DATA
    main.o(i.writeFlash) refers to stm32f4xx_hal_flash.o(i.HAL_FLASH_Unlock) for HAL_FLASH_Unlock
    main.o(i.writeFlash) refers to printf8.o(i.__0printf$8) for __2printf
    main.o(i.writeFlash) refers to stm32f4xx_hal_flash_ex.o(i.HAL_FLASHEx_Erase) for HAL_FLASHEx_Erase
    main.o(i.writeFlash) refers to stm32f4xx_hal_flash.o(i.FLASH_WaitForLastOperation) for FLASH_WaitForLastOperation
    main.o(i.writeFlash) refers to stm32f4xx_hal_flash.o(i.HAL_FLASH_Program) for HAL_FLASH_Program
    main.o(i.writeFlash) refers to stm32f4xx_hal_flash.o(i.HAL_FLASH_Lock) for HAL_FLASH_Lock
    stm32f4xx_it.o(i.SysTick_Handler) refers to stm32f4xx_hal.o(i.HAL_IncTick) for HAL_IncTick
    system_stm32f4xx.o(i.SystemCoreClockUpdate) refers to system_stm32f4xx.o(.data) for SystemCoreClock
    system_stm32f4xx.o(i.SystemCoreClockUpdate) refers to system_stm32f4xx.o(.constdata) for AHBPrescTable
    startup_stm32f407xx.o(RESET) refers to startup_stm32f407xx.o(STACK) for __initial_sp
    startup_stm32f407xx.o(RESET) refers to startup_stm32f407xx.o(.text) for Reset_Handler
    startup_stm32f407xx.o(RESET) refers to stm32f4xx_it.o(i.NMI_Handler) for NMI_Handler
    startup_stm32f407xx.o(RESET) refers to stm32f4xx_it.o(i.HardFault_Handler) for HardFault_Handler
    startup_stm32f407xx.o(RESET) refers to stm32f4xx_it.o(i.MemManage_Handler) for MemManage_Handler
    startup_stm32f407xx.o(RESET) refers to stm32f4xx_it.o(i.BusFault_Handler) for BusFault_Handler
    startup_stm32f407xx.o(RESET) refers to stm32f4xx_it.o(i.UsageFault_Handler) for UsageFault_Handler
    startup_stm32f407xx.o(RESET) refers to stm32f4xx_it.o(i.SVC_Handler) for SVC_Handler
    startup_stm32f407xx.o(RESET) refers to stm32f4xx_it.o(i.DebugMon_Handler) for DebugMon_Handler
    startup_stm32f407xx.o(RESET) refers to stm32f4xx_it.o(i.PendSV_Handler) for PendSV_Handler
    startup_stm32f407xx.o(RESET) refers to stm32f4xx_it.o(i.SysTick_Handler) for SysTick_Handler
    startup_stm32f407xx.o(RESET) refers to i2s.o(i.DMA1_Stream4_IRQHandler) for DMA1_Stream4_IRQHandler
    startup_stm32f407xx.o(RESET) refers to remote.o(i.TIM1_UP_TIM10_IRQHandler) for TIM1_UP_TIM10_IRQHandler
    startup_stm32f407xx.o(RESET) refers to remote.o(i.TIM1_CC_IRQHandler) for TIM1_CC_IRQHandler
    startup_stm32f407xx.o(RESET) refers to usmart.o(i.TIM4_IRQHandler) for TIM4_IRQHandler
    startup_stm32f407xx.o(RESET) refers to usart.o(i.USART1_IRQHandler) for USART1_IRQHandler
    startup_stm32f407xx.o(.text) refers to system_stm32f4xx.o(i.SystemInit) for SystemInit
    startup_stm32f407xx.o(.text) refers to entry.o(.ARM.Collect$$$$00000000) for __main
    stm32f4xx_hal.o(i.HAL_DeInit) refers to stm32f4xx_hal_msp.o(i.HAL_MspDeInit) for HAL_MspDeInit
    stm32f4xx_hal.o(i.HAL_Delay) refers to stm32f4xx_hal.o(i.HAL_GetTick) for HAL_GetTick
    stm32f4xx_hal.o(i.HAL_Delay) refers to stm32f4xx_hal.o(.data) for uwTickFreq
    stm32f4xx_hal.o(i.HAL_GetTick) refers to stm32f4xx_hal.o(.data) for uwTick
    stm32f4xx_hal.o(i.HAL_GetTickFreq) refers to stm32f4xx_hal.o(.data) for uwTickFreq
    stm32f4xx_hal.o(i.HAL_GetTickPrio) refers to stm32f4xx_hal.o(.data) for uwTickPrio
    stm32f4xx_hal.o(i.HAL_IncTick) refers to stm32f4xx_hal.o(.data) for uwTick
    stm32f4xx_hal.o(i.HAL_Init) refers to stm32f4xx_hal_cortex.o(i.HAL_NVIC_SetPriorityGrouping) for HAL_NVIC_SetPriorityGrouping
[...]
    HAL_NVIC_EnableIRQ                       0x080015eb   Thumb Code    32  stm32f4xx_hal_cortex.o(i.HAL_NVIC_EnableIRQ)
    HAL_NVIC_SetPriority                     0x0800160b   Thumb Code   124  stm32f4xx_hal_cortex.o(i.HAL_NVIC_SetPriority)
    HAL_NVIC_SetPriorityGrouping             0x08001689   Thumb Code    32  stm32f4xx_hal_cortex.o(i.HAL_NVIC_SetPriorityGrouping)
    HAL_RCCEx_GetPeriphCLKFreq               0x080016b1   Thumb Code   126  stm32f4xx_hal_rcc_ex.o(i.HAL_RCCEx_GetPeriphCLKFreq)
    HAL_RCCEx_PeriphCLKConfig                0x08001741   Thumb Code   396  stm32f4xx_hal_rcc_ex.o(i.HAL_RCCEx_PeriphCLKConfig)
    HAL_RCC_ClockConfig                      0x080018e1   Thumb Code   366  stm32f4xx_hal_rcc.o(i.HAL_RCC_ClockConfig)
    HAL_RCC_GetHCLKFreq                      0x08001a61   Thumb Code     6  stm32f4xx_hal_rcc.o(i.HAL_RCC_GetHCLKFreq)
    HAL_RCC_GetPCLK1Freq                     0x08001a6d   Thumb Code    22  stm32f4xx_hal_rcc.o(i.HAL_RCC_GetPCLK1Freq)
    HAL_RCC_GetPCLK2Freq                     0x08001a8d   Thumb Code    22  stm32f4xx_hal_rcc.o(i.HAL_RCC_GetPCLK2Freq)
    HAL_RCC_GetSysClockFreq                  0x08001aad   Thumb Code   162  stm32f4xx_hal_rcc.o(i.HAL_RCC_GetSysClockFreq)
    HAL_RCC_OscConfig                        0x08001b5d   Thumb Code  1086  stm32f4xx_hal_rcc.o(i.HAL_RCC_OscConfig)
    HAL_SD_ConfigWideBusOperation            0x08001fa5   Thumb Code   168  stm32f4xx_hal_sd.o(i.HAL_SD_ConfigWideBusOperation)
    HAL_SD_GetCardCSD                        0x0800204d   Thumb Code   496  stm32f4xx_hal_sd.o(i.HAL_SD_GetCardCSD)
    HAL_SD_GetCardInfo                       0x0800223d   Thumb Code    38  stm32f4xx_hal_sd.o(i.HAL_SD_GetCardInfo)
    HAL_SD_GetCardState                      0x08002263   Thumb Code    40  stm32f4xx_hal_sd.o(i.HAL_SD_GetCardState)
    HAL_SD_Init                              0x0800228b   Thumb Code    54  stm32f4xx_hal_sd.o(i.HAL_SD_Init)
    HAL_SD_InitCard                          0x080022c1   Thumb Code   128  stm32f4xx_hal_sd.o(i.HAL_SD_InitCard)
    HAL_SD_MspInit                           0x08002345   Thumb Code   180  sdio_sdcard.o(i.HAL_SD_MspInit)
    HAL_SD_ReadBlocks                        0x08002405   Thumb Code   588  stm32f4xx_hal_sd.o(i.HAL_SD_ReadBlocks)
    HAL_SD_WriteBlocks                       0x08002651   Thumb Code   516  stm32f4xx_hal_sd.o(i.HAL_SD_WriteBlocks)
    HAL_SPI_Init                             0x08002855   Thumb Code   160  stm32f4xx_hal_spi.o(i.HAL_SPI_Init)
    HAL_SPI_MspInit                          0x080028f5   Thumb Code   106  spi.o(i.HAL_SPI_MspInit)
    HAL_SPI_TransmitReceive                  0x08002969   Thumb Code   712  stm32f4xx_hal_spi.o(i.HAL_SPI_TransmitReceive)
    HAL_SRAM_Init                            0x08002c31   Thumb Code    88  stm32f4xx_hal_sram.o(i.HAL_SRAM_Init)
    HAL_SRAM_MspInit                         0x08002c89   Thumb Code   240  lcd.o(i.HAL_SRAM_MspInit)
    HAL_SYSTICK_CLKSourceConfig              0x08002d8d   Thumb Code    40  stm32f4xx_hal_cortex.o(i.HAL_SYSTICK_CLKSourceConfig)
    HAL_SYSTICK_Config                       0x08002db5   Thumb Code    52  stm32f4xx_hal_cortex.o(i.HAL_SYSTICK_Config)
    HAL_TIMEx_BreakCallback                  0x08002de9   Thumb Code     2  stm32f4xx_hal_tim_ex.o(i.HAL_TIMEx_BreakCallback)
    HAL_TIMEx_CommutCallback                 0x08002deb   Thumb Code     2  stm32f4xx_hal_tim_ex.o(i.HAL_TIMEx_CommutCallback)
    HAL_TIM_Base_Init                        0x08002ded   Thumb Code    52  stm32f4xx_hal_tim.o(i.HAL_TIM_Base_Init)
    HAL_TIM_Base_MspInit                     0x08002e21   Thumb Code     2  stm32f4xx_hal_tim.o(i.HAL_TIM_Base_MspInit)
    HAL_TIM_Base_Start_IT                    0x08002e23   Thumb Code    42  stm32f4xx_hal_tim.o(i.HAL_TIM_Base_Start_IT)
    HAL_TIM_IC_CaptureCallback               0x08002e4d   Thumb Code   326  remote.o(i.HAL_TIM_IC_CaptureCallback)
    HAL_TIM_IC_ConfigChannel                 0x08002fb1   Thumb Code   224  stm32f4xx_hal_tim.o(i.HAL_TIM_IC_ConfigChannel)
    HAL_TIM_IC_Init                          0x08003091   Thumb Code    52  stm32f4xx_hal_tim.o(i.HAL_TIM_IC_Init)
    HAL_TIM_IC_MspInit                       0x080030c5   Thumb Code   138  remote.o(i.HAL_TIM_IC_MspInit)
    HAL_TIM_IC_Start_IT                      0x08003159   Thumb Code   120  stm32f4xx_hal_tim.o(i.HAL_TIM_IC_Start_IT)
    HAL_TIM_IRQHandler                       0x080031d1   Thumb Code   406  stm32f4xx_hal_tim.o(i.HAL_TIM_IRQHandler)
    HAL_TIM_OC_DelayElapsedCallback          0x08003367   Thumb Code     2  stm32f4xx_hal_tim.o(i.HAL_TIM_OC_DelayElapsedCallback)
    HAL_TIM_PWM_PulseFinishedCallback        0x08003369   Thumb Code     2  stm32f4xx_hal_tim.o(i.HAL_TIM_PWM_PulseFinishedCallback)
    HAL_TIM_PeriodElapsedCallback            0x0800336d   Thumb Code    98  remote.o(i.HAL_TIM_PeriodElapsedCallback)
    HAL_TIM_ReadCapturedValue                0x080033d9   Thumb Code    50  stm32f4xx_hal_tim.o(i.HAL_TIM_ReadCapturedValue)
    HAL_TIM_TriggerCallback                  0x0800340b   Thumb Code     2  stm32f4xx_hal_tim.o(i.HAL_TIM_TriggerCallback)
    HAL_UART_ErrorCallback                   0x0800340d   Thumb Code     2  stm32f4xx_hal_uart.o(i.HAL_UART_ErrorCallback)
    HAL_UART_GetState                        0x0800340f   Thumb Code    20  stm32f4xx_hal_uart.o(i.HAL_UART_GetState)
    HAL_UART_IRQHandler                      0x08003425   Thumb Code   328  stm32f4xx_hal_uart.o(i.HAL_UART_IRQHandler)
    HAL_UART_Init                            0x08003571   Thumb Code   114  stm32f4xx_hal_uart.o(i.HAL_UART_Init)
    HAL_UART_MspInit                         0x080035e5   Thumb Code   144  usart.o(i.HAL_UART_MspInit)
    HAL_UART_Receive_IT                      0x08003681   Thumb Code   112  stm32f4xx_hal_uart.o(i.HAL_UART_Receive_IT)
    HAL_UART_RxCpltCallback                  0x080036f1   Thumb Code   120  usart.o(i.HAL_UART_RxCpltCallback)
    HAL_UART_TxCpltCallback                  0x08003779   Thumb Code     2  stm32f4xx_hal_uart.o(i.HAL_UART_TxCpltCallback)
    HardFault_Handler                        0x0800377b   Thumb Code     4  stm32f4xx_it.o(i.HardFault_Handler)
    I2S2_Init                                0x08003781   Thumb Code    82  i2s.o(i.I2S2_Init)
    I2S2_SampleRate_Set                      0x080037dd   Thumb Code   154  i2s.o(i.I2S2_SampleRate_Set)
    I2S2_TX_DMA_Init                         0x08003885   Thumb Code   256  i2s.o(i.I2S2_TX_DMA_Init)
    I2S_Play_Start                           0x08003bc5   Thumb Code    18  i2s.o(i.I2S_Play_Start)
    I2S_Play_Stop                            0x08003bdd   Thumb Code    18  i2s.o(i.I2S_Play_Stop)
    IIC_Init                                 0x08003c61   Thumb Code    76  myiic.o(i.IIC_Init)
    IIC_Send_Byte                            0x08003cbd   Thumb Code    90  myiic.o(i.IIC_Send_Byte)
    IIC_Start                                0x08003d25   Thumb Code    64  myiic.o(i.IIC_Start)
    IIC_Stop                                 0x08003d71   Thumb Code    62  myiic.o(i.IIC_Stop)
    IIC_Wait_Ack                             0x08003dbd   Thumb Code    82  myiic.o(i.IIC_Wait_Ack)
    KEY_Init                                 0x08003e1d   Thumb Code   118  key.o(i.KEY_Init)
    KEY_Scan                                 0x08003ea1   Thumb Code   188  key.o(i.KEY_Scan)
    LCD_Clear                                0x08003f69   Thumb Code    42  lcd.o(i.LCD_Clear)
    LCD_Display_Dir                          0x08003f9d   Thumb Code   298  lcd.o(i.LCD_Display_Dir)
    LCD_Init                                 0x080040cd   Thumb Code  9944  lcd.o(i.LCD_Init)
    LCD_RD_DATA                              0x080067b1   Thumb Code    14  lcd.o(i.LCD_RD_DATA)
    LCD_SSD_BackLightSet                     0x080067c5   Thumb Code    88  lcd.o(i.LCD_SSD_BackLightSet)
    LCD_Scan_Dir                             0x08006825   Thumb Code   560  lcd.o(i.LCD_Scan_Dir)
    LCD_SetCursor                            0x08006a59   Thumb Code   282  lcd.o(i.LCD_SetCursor)
    LCD_WR_DATA                              0x08006b79   Thumb Code    18  lcd.o(i.LCD_WR_DATA)
    LCD_WR_REG                               0x08006b91   Thumb Code    18  lcd.o(i.LCD_WR_REG)
    LCD_WriteRAM_Prepare                     0x08006ba9   Thumb Code    10  lcd.o(i.LCD_WriteRAM_Prepare)
    LCD_WriteReg                             0x08006bbd   Thumb Code    14  lcd.o(i.LCD_WriteReg)
    LED_Init                                 0x08006bd1   Thumb Code    84  led.o(i.LED_Init)
    MemManage_Handler                        0x08006c2d   Thumb Code     4  stm32f4xx_it.o(i.MemManage_Handler)
    NMI_Handler                              0x08006c31   Thumb Code     2  stm32f4xx_it.o(i.NMI_Handler)
    PendSV_Handler                           0x08006c33   Thumb Code     2  stm32f4xx_it.o(i.PendSV_Handler)
    Remote_Init                              0x08006c35   Thumb Code    84  remote.o(i.Remote_Init)
    Remote_Scan                              0x08006c91   Thumb Code    92  remote.o(i.Remote_Scan)
    SDIO_ConfigData                          0x08006cf9   Thumb Code    44  stm32f4xx_ll_sdmmc.o(i.SDIO_ConfigData)
    SDIO_GetCommandResponse                  0x08006d25   Thumb Code     8  stm32f4xx_ll_sdmmc.o(i.SDIO_GetCommandResponse)
    SDIO_GetPowerState                       0x08006d2d   Thumb Code    10  stm32f4xx_ll_sdmmc.o(i.SDIO_GetPowerState)
    SDIO_GetResponse                         0x08006d37   Thumb Code    22  stm32f4xx_ll_sdmmc.o(i.SDIO_GetResponse)
    SDIO_Init                                0x08006d4d   Thumb Code    52  stm32f4xx_ll_sdmmc.o(i.SDIO_Init)
    SDIO_PowerState_ON                       0x08006d81   Thumb Code    10  stm32f4xx_ll_sdmmc.o(i.SDIO_PowerState_ON)
    SDIO_ReadFIFO                            0x08006d8b   Thumb Code     8  stm32f4xx_ll_sdmmc.o(i.SDIO_ReadFIFO)
    SDIO_SendCommand                         0x08006d93   Thumb Code    40  stm32f4xx_ll_sdmmc.o(i.SDIO_SendCommand)
    SDIO_WriteFIFO                           0x08006dbb   Thumb Code    12  stm32f4xx_ll_sdmmc.o(i.SDIO_WriteFIFO)
    SDMMC_CmdAppCommand                      0x08006dc7   Thumb Code    58  stm32f4xx_ll_sdmmc.o(i.SDMMC_CmdAppCommand)
    SDMMC_CmdAppOperCommand                  0x08006e01   Thumb Code    56  stm32f4xx_ll_sdmmc.o(i.SDMMC_CmdAppOperCommand)
    SDMMC_CmdBlockLength                     0x08006e3d   Thumb Code    58  stm32f4xx_ll_sdmmc.o(i.SDMMC_CmdBlockLength)
    SDMMC_CmdBusWidth                        0x08006e77   Thumb Code    58  stm32f4xx_ll_sdmmc.o(i.SDMMC_CmdBusWidth)
    SDMMC_CmdGoIdleState                     0x08006eb1   Thumb Code    46  stm32f4xx_ll_sdmmc.o(i.SDMMC_CmdGoIdleState)
    SDMMC_CmdOperCond                        0x08006edf   Thumb Code    54  stm32f4xx_ll_sdmmc.o(i.SDMMC_CmdOperCond)
    SDMMC_CmdReadMultiBlock                  0x08006f15   Thumb Code    58  stm32f4xx_ll_sdmmc.o(i.SDMMC_CmdReadMultiBlock)
    SDMMC_CmdReadSingleBlock                 0x08006f4f   Thumb Code    58  stm32f4xx_ll_sdmmc.o(i.SDMMC_CmdReadSingleBlock)
    SDMMC_CmdSelDesel                        0x08006f89   Thumb Code    60  stm32f4xx_ll_sdmmc.o(i.SDMMC_CmdSelDesel)
    SDMMC_CmdSendCID                         0x08006fc5   Thumb Code    52  stm32f4xx_ll_sdmmc.o(i.SDMMC_CmdSendCID)
    SDMMC_CmdSendCSD                         0x08006ff9   Thumb Code    52  stm32f4xx_ll_sdmmc.o(i.SDMMC_CmdSendCSD)
    SDMMC_CmdSendSCR                         0x0800702d   Thumb Code    58  stm32f4xx_ll_sdmmc.o(i.SDMMC_CmdSendSCR)
    SDMMC_CmdSendStatus                      0x08007067   Thumb Code    58  stm32f4xx_ll_sdmmc.o(i.SDMMC_CmdSendStatus)
    SDMMC_CmdSetRelAdd                       0x080070a1   Thumb Code    58  stm32f4xx_ll_sdmmc.o(i.SDMMC_CmdSetRelAdd)
    SDMMC_CmdStopTransfer                    0x080070dd   Thumb Code    56  stm32f4xx_ll_sdmmc.o(i.SDMMC_CmdStopTransfer)
    SDMMC_CmdWriteMultiBlock                 0x08007119   Thumb Code    58  stm32f4xx_ll_sdmmc.o(i.SDMMC_CmdWriteMultiBlock)
    SDMMC_CmdWriteSingleBlock                0x08007153   Thumb Code    58  stm32f4xx_ll_sdmmc.o(i.SDMMC_CmdWriteSingleBlock)
    SD_GetCardState                          0x08007651   Thumb Code    20  sdio_sdcard.o(i.SD_GetCardState)
    SD_Init                                  0x08007669   Thumb Code    68  sdio_sdcard.o(i.SD_Init)
    SD_ReadDisk                              0x080078a5   Thumb Code    76  sdio_sdcard.o(i.SD_ReadDisk)
    SD_WriteDisk                             0x08007a01   Thumb Code    76  sdio_sdcard.o(i.SD_WriteDisk)
    SPI1_Init                                0x08007a55   Thumb Code    78  spi.o(i.SPI1_Init)
    SPI1_ReadWriteByte                       0x08007aad   Thumb Code    28  spi.o(i.SPI1_ReadWriteByte)
    SPI1_SetSpeed                            0x08007acd   Thumb Code    66  spi.o(i.SPI1_SetSpeed)
    SRAM_Init                                0x08007d09   Thumb Code   332  sram.o(i.SRAM_Init)
    SVC_Handler                              0x08007e71   Thumb Code     2  stm32f4xx_it.o(i.SVC_Handler)
    Stm32_Clock_Init                         0x08007e75   Thumb Code   190  sys.o(i.Stm32_Clock_Init)
    SysTick_Handler                          0x08007f41   Thumb Code     8  stm32f4xx_it.o(i.SysTick_Handler)
    SystemInit                               0x08007f49   Thumb Code    82  system_stm32f4xx.o(i.SystemInit)
    TIM1_CC_IRQHandler                       0x08007fad   Thumb Code    10  remote.o(i.TIM1_CC_IRQHandler)
    TIM1_UP_TIM10_IRQHandler                 0x08007fbd   Thumb Code    10  remote.o(i.TIM1_UP_TIM10_IRQHandler)
    TIM4_IRQHandler                          0x08007fcd   Thumb Code    58  usmart.o(i.TIM4_IRQHandler)
    TIM_Base_SetConfig                       0x08008011   Thumb Code   170  stm32f4xx_hal_tim.o(i.TIM_Base_SetConfig)
    TIM_CCxChannelCmd                        0x080080e9   Thumb Code    34  stm32f4xx_hal_tim.o(i.TIM_CCxChannelCmd)
    TIM_TI1_SetConfig                        0x0800810d   Thumb Code   114  stm32f4xx_hal_tim.o(i.TIM_TI1_SetConfig)
    Timer4_Init                              0x0800824d   Thumb Code    84  usmart.o(i.Timer4_Init)
    USART1_IRQHandler                        0x08008779   Thumb Code    56  usart.o(i.USART1_IRQHandler)
    UsageFault_Handler                       0x080087b9   Thumb Code     4  stm32f4xx_it.o(i.UsageFault_Handler)
    W25QXX_Erase_Chip                        0x080087bd   Thumb Code    36  w25qxx.o(i.W25QXX_Erase_Chip)
    W25QXX_Erase_Sector                      0x080087e9   Thumb Code    78  w25qxx.o(i.W25QXX_Erase_Sector)
    W25QXX_Init                              0x08008841   Thumb Code   134  w25qxx.o(i.W25QXX_Init)
    W25QXX_Read                              0x080088dd   Thumb Code    92  w25qxx.o(i.W25QXX_Read)
    W25QXX_ReadID                            0x08008941   Thumb Code    64  w25qxx.o(i.W25QXX_ReadID)
    W25QXX_ReadSR                            0x08008989   Thumb Code    72  w25qxx.o(i.W25QXX_ReadSR)
    W25QXX_Wait_Busy                         0x080089d9   Thumb Code    20  w25qxx.o(i.W25QXX_Wait_Busy)
    W25QXX_Write                             0x080089ed   Thumb Code   190  w25qxx.o(i.W25QXX_Write)
    W25QXX_Write_Enable                      0x08008ac1   Thumb Code    24  w25qxx.o(i.W25QXX_Write_Enable)
    W25QXX_Write_NoCheck                     0x08008ae1   Thumb Code    70  w25qxx.o(i.W25QXX_Write_NoCheck)
    W25QXX_Write_Page                        0x08008b29   Thumb Code    98  w25qxx.o(i.W25QXX_Write_Page)
    WM8978_ADDA_Cfg                          0x08008b95   Thumb Code    64  wm8978.o(i.WM8978_ADDA_Cfg)
    WM8978_AUX_Gain                          0x08008bd5   Thumb Code    54  wm8978.o(i.WM8978_AUX_Gain)
    WM8978_HPvol_Set                         0x08008c0b   Thumb Code    46  wm8978.o(i.WM8978_HPvol_Set)
    WM8978_I2S_Cfg                           0x08008c39   Thumb Code    28  wm8978.o(i.WM8978_I2S_Cfg)
    WM8978_Init                              0x08008c55   Thumb Code   120  wm8978.o(i.WM8978_Init)
    WM8978_Input_Cfg                         0x08008ccd   Thumb Code   102  wm8978.o(i.WM8978_Input_Cfg)
    WM8978_LINEIN_Gain                       0x08008d33   Thumb Code    54  wm8978.o(i.WM8978_LINEIN_Gain)
    WM8978_Output_Cfg                        0x08008d69   Thumb Code    42  wm8978.o(i.WM8978_Output_Cfg)
    WM8978_Read_Reg                          0x08008d95   Thumb Code    10  wm8978.o(i.WM8978_Read_Reg)
    WM8978_SPKvol_Set                        0x08008da5   Thumb Code    34  wm8978.o(i.WM8978_SPKvol_Set)
    WM8978_Write_Reg                         0x08008dc9   Thumb Code    80  wm8978.o(i.WM8978_Write_Reg)
    XmRamInit                                0x08008e1d   Thumb Code    48  xmram.o(i.XmRamInit)
    __0printf$8                              0x08008e4d   Thumb Code    22  printf8.o(i.__0printf$8)
    __1printf$8                              0x08008e4d   Thumb Code     0  printf8.o(i.__0printf$8)
    __2printf                                0x08008e4d   Thumb Code     0  printf8.o(i.__0printf$8)
    __scatterload_copy                       0x08008ea5   Thumb Code    14  handlers.o(i.__scatterload_copy)
    __scatterload_null                       0x08008eb3   Thumb Code     2  handlers.o(i.__scatterload_null)
    __scatterload_zeroinit                   0x08008eb5   Thumb Code    14  handlers.o(i.__scatterload_zeroinit)
    audio_get_tnum                           0x080093a1   Thumb Code    94  audioplay.o(i.audio_get_tnum)
    audio_play                               0x08009401   Thumb Code   382  audioplay.o(i.audio_play)
    audio_play_song                          0x080095cd   Thumb Code    44  audioplay.o(i.audio_play_song)
    audio_start                              0x08009609   Thumb Code    14  audioplay.o(i.audio_start)
    audio_stop                               0x0800961d   Thumb Code    14  audioplay.o(i.audio_stop)
    char_upper                               0x080096b9   Thumb Code    26  exfuns.o(i.char_upper)
    delay_init                               0x08009d39   Thumb Code    16  delay.o(i.delay_init)
    delay_ms                                 0x08009d4d   Thumb Code    24  delay.o(i.delay_ms)
    delay_us                                 0x08009d65   Thumb Code    68  delay.o(i.delay_us)
    dir_sdi                                  0x0800a46b   Thumb Code   170  ff.o(i.dir_sdi)
    disk_initialize                          0x0800a515   Thumb Code    44  diskio.o(i.disk_initialize)
    disk_ioctl                               0x0800a541   Thumb Code   124  diskio.o(i.disk_ioctl)
    disk_read                                0x0800a5c5   Thumb Code   122  diskio.o(i.disk_read)
    disk_status                              0x0800a63f   Thumb Code     6  diskio.o(i.disk_status)
    disk_write                               0x0800a645   Thumb Code   122  diskio.o(i.disk_write)
    exfuns_init                              0x0800a6c1   Thumb Code   114  exfuns.o(i.exfuns_init)
    f_close                                  0x0800a745   Thumb Code    38  ff.o(i.f_close)
    f_closedir                               0x0800a76b   Thumb Code    24  ff.o(i.f_closedir)
    f_getfree                                0x0800a783   Thumb Code   358  ff.o(i.f_getfree)
    f_getlabel                               0x0800a8e9   Thumb Code   278  ff.o(i.f_getlabel)
    f_gets                                   0x0800a9ff   Thumb Code    82  ff.o(i.f_gets)
    f_lseek                                  0x0800aa51   Thumb Code  1050  ff.o(i.f_lseek)
    f_mkdir                                  0x0800ae6b   Thumb Code   500  ff.o(i.f_mkdir)
    f_mkfs                                   0x0800b061   Thumb Code  1384  ff.o(i.f_mkfs)
    f_mount                                  0x0800b5d1   Thumb Code    86  ff.o(i.f_mount)
    f_open                                   0x0800b62d   Thumb Code   700  ff.o(i.f_open)
    f_opendir                                0x0800b8e9   Thumb Code   226  ff.o(i.f_opendir)
    f_putc                                   0x0800b9cb   Thumb Code    64  ff.o(i.f_putc)
    f_puts                                   0x0800ba0b   Thumb Code    74  ff.o(i.f_puts)
    f_read                                   0x0800ba55   Thumb Code   552  ff.o(i.f_read)
    f_readdir                                0x0800bc7d   Thumb Code   122  ff.o(i.f_readdir)
    f_rename                                 0x0800bcf7   Thumb Code   438  ff.o(i.f_rename)
    f_setlabel                               0x0800bead   Thumb Code   612  ff.o(i.f_setlabel)
    f_sync                                   0x0800c115   Thumb Code   398  ff.o(i.f_sync)
    f_typetell                               0x0800c2a5   Thumb Code   172  exfuns.o(i.f_typetell)
    f_unlink                                 0x0800c355   Thumb Code   300  ff.o(i.f_unlink)
    f_write                                  0x0800c481   Thumb Code   658  ff.o(i.f_write)
    ff_convert                               0x0800c715   Thumb Code   146  mycc936.o(i.ff_convert)
    ff_memalloc                              0x0800c7ad   Thumb Code    14  diskio.o(i.ff_memalloc)
    ff_memfree                               0x0800c7bb   Thumb Code    14  diskio.o(i.ff_memfree)
    ff_wtoupper                              0x0800c7c9   Thumb Code    46  mycc936.o(i.ff_wtoupper)
    fputc                                    0x0800ce19   Thumb Code    22  usart.o(i.fputc)
    get_fattime                              0x0800d07b   Thumb Code     4  diskio.o(i.get_fattime)
    hello                                    0x0800d2e9   Thumb Code   244  wavplay.o(i.hello)
    main                                     0x0800d5d1   Thumb Code   140  main.o(i.main)
    mf_close                                 0x0800d6cd   Thumb Code    14  fattester.o(i.mf_close)
    mf_closedir                              0x0800d6e1   Thumb Code    10  fattester.o(i.mf_closedir)
    mf_fmkfs                                 0x0800d6f1   Thumb Code    20  fattester.o(i.mf_fmkfs)
    mf_getlabel                              0x0800d705   Thumb Code    58  fattester.o(i.mf_getlabel)
    mf_gets                                  0x0800d789   Thumb Code    38  fattester.o(i.mf_gets)
    mf_lseek                                 0x0800d7d5   Thumb Code    18  fattester.o(i.mf_lseek)
    mf_mkdir                                 0x0800d7ed   Thumb Code    12  fattester.o(i.mf_mkdir)
    mf_mount                                 0x0800d7f9   Thumb Code    20  fattester.o(i.mf_mount)
    mf_open                                  0x0800d811   Thumb Code    32  fattester.o(i.mf_open)
    mf_opendir                               0x0800d841   Thumb Code    14  fattester.o(i.mf_opendir)
    mf_putc                                  0x0800d855   Thumb Code    18  fattester.o(i.mf_putc)
    mf_puts                                  0x0800d86d   Thumb Code    18  fattester.o(i.mf_puts)
    mf_read                                  0x0800d885   Thumb Code   224  fattester.o(i.mf_read)
    mf_readdir                               0x0800d9dd   Thumb Code   178  fattester.o(i.mf_readdir)
    mf_rename                                0x0800dba1   Thumb Code    16  fattester.o(i.mf_rename)
    mf_scan_files                            0x0800dbb1   Thumb Code    70  fattester.o(i.mf_scan_files)
    mf_setlabel                              0x0800dc11   Thumb Code    34  fattester.o(i.mf_setlabel)
    mf_showfree                              0x0800dc6d   Thumb Code    88  fattester.o(i.mf_showfree)
    mf_size                                  0x0800dd15   Thumb Code     8  fattester.o(i.mf_size)
    mf_tell                                  0x0800dd21   Thumb Code     8  fattester.o(i.mf_tell)
    mf_unlink                                0x0800dd2d   Thumb Code    12  fattester.o(i.mf_unlink)
    mf_write                                 0x0800dd39   Thumb Code    68  fattester.o(i.mf_write)
    my_mem_free                              0x0800de25   Thumb Code    96  malloc.o(i.my_mem_free)
    my_mem_init                              0x0800de91   Thumb Code    54  malloc.o(i.my_mem_init)
    my_mem_malloc                            0x0800ded5   Thumb Code   156  malloc.o(i.my_mem_malloc)
    my_mem_perused                           0x0800df7d   Thumb Code    54  malloc.o(i.my_mem_perused)
    myfree                                   0x0800dfbd   Thumb Code    30  malloc.o(i.myfree)
    mymalloc                                 0x0800dfe1   Thumb Code    34  malloc.o(i.mymalloc)
    mymemset                                 0x0800e009   Thumb Code    20  malloc.o(i.mymemset)
    readFlash                                0x0800e2ad   Thumb Code    48  wavplay.o(i.readFlash)
    read_addr                                0x0800e2fd   Thumb Code     6  usmart.o(i.read_addr)
    uart_init                                0x0800e989   Thumb Code    44  usart.o(i.uart_init)
    usmart_cmd_rec                           0x0800e9c1   Thumb Code   170  usmart.o(i.usmart_cmd_rec)
    usmart_exe                               0x0800ea71   Thumb Code   632  usmart.o(i.usmart_exe)
    usmart_get_aparm                         0x0800ed45   Thumb Code   212  usmart_str.o(i.usmart_get_aparm)
    usmart_get_cmdname                       0x0800ee19   Thumb Code    54  usmart_str.o(i.usmart_get_cmdname)
    usmart_get_fname                         0x0800ee51   Thumb Code   440  usmart_str.o(i.usmart_get_fname)
    usmart_get_fparam                        0x0800f011   Thumb Code   262  usmart_str.o(i.usmart_get_fparam)
    usmart_get_parmpos                       0x0800f11d   Thumb Code    26  usmart_str.o(i.usmart_get_parmpos)
    usmart_get_runtime                       0x0800f13d   Thumb Code    58  usmart.o(i.usmart_get_runtime)
    usmart_init                              0x0800f181   Thumb Code    36  usmart.o(i.usmart_init)
    usmart_pow                               0x0800f1a9   Thumb Code    22  usmart_str.o(i.usmart_pow)
    usmart_reset_runtime                     0x0800f1c1   Thumb Code    44  usmart.o(i.usmart_reset_runtime)
    usmart_scan                              0x0800f1f5   Thumb Code   120  usmart.o(i.usmart_scan)
    usmart_search_nextc                      0x0800f2b1   Thumb Code    22  usmart_str.o(i.usmart_search_nextc)
    usmart_str2num                           0x0800f2c7   Thumb Code   262  usmart_str.o(i.usmart_str2num)
    usmart_strcmp                            0x0800f3cd   Thumb Code    34  usmart_str.o(i.usmart_strcmp)
    usmart_strcopy                           0x0800f3ef   Thumb Code    22  usmart_str.o(i.usmart_strcopy)
    usmart_strlen                            0x0800f405   Thumb Code    24  usmart_str.o(i.usmart_strlen)
    usmart_sys_cmd_exe                       0x0800f41d   Thumb Code  1570  usmart.o(i.usmart_sys_cmd_exe)
    wav_buffill                              0x0800fb55   Thumb Code   164  wavplay.o(i.wav_buffill)
    wav_decode_init                          0x0800fc01   Thumb Code   314  wavplay.o(i.wav_decode_init)
    wav_get_curtime                          0x0800fdfd   Thumb Code    76  wavplay.o(i.wav_get_curtime)
    wav_i2s_dma_tx_callback                  0x0800fe49   Thumb Code    96  wavplay.o(i.wav_i2s_dma_tx_callback)
    wav_play_song                            0x0800feb9   Thumb Code   596  wavplay.o(i.wav_play_song)
    writeFlash                               0x08010159   Thumb Code   116  main.o(i.writeFlash)
    write_addr                               0x080101e5   Thumb Code     4  usmart.o(i.write_addr)
    DATA                                     0x0801027e   Data         240  main.o(.constdata)
    AHBPrescTable                            0x0801036e   Data          16  system_stm32f4xx.o(.constdata)
    APBPrescTable                            0x0801037e   Data           8  system_stm32f4xx.o(.constdata)
    I2S_PSC_TBL                              0x0801038e   Data         110  i2s.o(.constdata)
    memtblsize                               0x080103fc   Data          12  malloc.o(.constdata)
    memblksize                               0x08010408   Data          12  malloc.o(.constdata)
    memsize                                  0x08010414   Data          12  malloc.o(.constdata)
    FILE_TYPE_TBL                            0x0801046c   Data         112  exfuns.o(.constdata)
    Region$$Table$$Base                      0x08010b98   Number         0  anon$$obj.o(Region$$Table)
    Region$$Table$$Limit                     0x08010bb8   Number         0  anon$$obj.o(Region$$Table)
    mem3base                                 0x10000000   Data       61440  malloc.o(.ARM.__AT_0x10000000)
    mem3mapbase                              0x1000f000   Data        3840  malloc.o(.ARM.__AT_0x1000F000)
    SystemCoreClock                          0x20000000   Data           4  system_stm32f4xx.o(.data)
    uwTick                                   0x20000004   Data           4  stm32f4xx_hal.o(.data)
    uwTickPrio                               0x20000008   Data           4  stm32f4xx_hal.o(.data)
    uwTickFreq                               0x2000000c   Data           1  stm32f4xx_hal.o(.data)
    __stdout                                 0x20000014   Data           4  usart.o(.data)
    USART_RX_STA                             0x20000018   Data           2  usart.o(.data)
    aRxBuffer                                0x2000001a   Data           1  usart.o(.data)
    W25QXX_TYPE                              0x2000001c   Data           2  w25qxx.o(.data)
    i2s_tx_callback                          0x20000020   Data           4  i2s.o(.data)
    RmtSta                                   0x20000098   Data           1  remote.o(.data)
    Dval                                     0x2000009a   Data           2  remote.o(.data)
    RmtRec                                   0x2000009c   Data           4  remote.o(.data)
    RmtCnt                                   0x200000a0   Data           1  remote.o(.data)
    sys_cmd_tab                              0x200000a4   Data          28  usmart.o(.data)
    usmart_nametab                           0x200000c0   Data         200  usmart_config.o(.data)
    usmart_dev                               0x20000188   Data         244  usmart_config.o(.data)
    mallco_dev                               0x2000027c   Data          36  malloc.o(.data)
    FLASH_SECTOR_COUNT                       0x200002aa   Data           2  diskio.o(.data)
    fs                                       0x200002ac   Data           8  exfuns.o(.data)
    file                                     0x200002b4   Data           4  exfuns.o(.data)
    ftemp                                    0x200002b8   Data           4  exfuns.o(.data)
    br                                       0x200002bc   Data           4  exfuns.o(.data)
    bw                                       0x200002c0   Data           4  exfuns.o(.data)
    fatbuf                                   0x200002c4   Data           4  exfuns.o(.data)
    wavtransferend                           0x200002c8   Data           1  wavplay.o(.data)
    wavwitchbuf                              0x200002c9   Data           1  wavplay.o(.data)
    data_size                                0x200002cc   Data           4  wavplay.o(.data)
    key                                      0x200002d0   Data          10  xmram.o(.data)
    pFlash                                   0x200002dc   Data          32  stm32f4xx_hal_flash.o(.bss)
    USART_RX_BUF                             0x200002fc   Data         200  usart.o(.bss)
    UART1_Handler                            0x200003c4   Data          64  usart.o(.bss)
    TFTSRAM_Handler                          0x20000404   Data          80  lcd.o(.bss)
    lcddev                                   0x20000454   Data          14  lcd.o(.bss)
    SRAM_Handler                             0x20000464   Data          80  sram.o(.bss)
    SPI1_Handler                             0x200004b4   Data          88  spi.o(.bss)
    W25QXX_BUFFER                            0x2000050c   Data        4096  w25qxx.o(.bss)
    SDCARD_Handler                           0x2000150c   Data         132  sdio_sdcard.o(.bss)
    SDCardInfo                               0x20001590   Data          32  sdio_sdcard.o(.bss)
    SDTxDMAHandler                           0x200015b0   Data          96  sdio_sdcard.o(.bss)
    SDRxDMAHandler                           0x20001610   Data          96  sdio_sdcard.o(.bss)
    SDIO_DATA_BUFFER                         0x20001670   Data         512  sdio_sdcard.o(.bss)
    I2S2_Handler                             0x20001870   Data          72  i2s.o(.bss)
    I2S2_TXDMA_Handler                       0x200018b8   Data          96  i2s.o(.bss)
    TIM1_Handler                             0x20001918   Data          64  remote.o(.bss)
    TIM4_Handler                             0x20001958   Data          64  usmart.o(.bss)
    mem1base                                 0x200019a0   Data       102400  malloc.o(.bss)
    mem1mapbase                              0x2001a9a0   Data        6400  malloc.o(.bss)
    fileinfo                                 0x2001c2a0   Data         288  exfuns.o(.bss)
    dir                                      0x2001c3c0   Data          72  exfuns.o(.bss)
    ftinfo                                   0x2001c408   Data          33  fontupd.o(.bss)
    wavctrl                                  0x2001c429   Data          32  wavplay.o(.bss)
    audiodev                                 0x2001c449   Data          17  audioplay.o(.bss)
    __initial_sp                             0x2001c860   Data           0  startup_stm32f407xx.o(STACK)
    mem2base                                 0x68000000   Data       983040  malloc.o(.ARM.__AT_0x68000000)
    mem2mapbase                              0x680f0000   Data       61440  malloc.o(.ARM.__AT_0x680F0000)



==============================================================================

Memory Map of the image

  Image Entry point : 0x08000189

  Load Region LR_IROM1 (Base: 0x08000000, Size: 0x00010e94, Max: 0x00080000, ABSOLUTE, COMPRESSED[0x00010cf8])

    Execution Region ER_IROM1 (Exec base: 0x08000000, Load base: 0x08000000, Size: 0x00010bb8, Max: 0x00080000, ABSOLUTE)

    Exec Addr    Load Addr    Size         Type   Attr      Idx    E Section Name        Object

    0x08000000   0x08000000   0x00000188   Data   RO          553    RESET               startup_stm32f407xx.o
    0x08000188   0x08000188   0x00000000   Code   RO         7002  * .ARM.Collect$$$$00000000  mc_w.l(entry.o)
    0x08000188   0x08000188   0x00000004   Code   RO         7284    .ARM.Collect$$$$00000001  mc_w.l(entry2.o)
    0x0800018c   0x0800018c   0x00000004   Code   RO         7287    .ARM.Collect$$$$00000004  mc_w.l(entry5.o)
    0x08000190   0x08000190   0x00000000   Code   RO         7289    .ARM.Collect$$$$00000008  mc_w.l(entry7b.o)
    0x08000190   0x08000190   0x00000000   Code   RO         7291    .ARM.Collect$$$$0000000A  mc_w.l(entry8b.o)
    0x08000190   0x08000190   0x00000008   Code   RO         7292    .ARM.Collect$$$$0000000B  mc_w.l(entry9a.o)
    0x08000198   0x08000198   0x00000000   Code   RO         7294    .ARM.Collect$$$$0000000D  mc_w.l(entry10a.o)
    0x08000198   0x08000198   0x00000000   Code   RO         7296    .ARM.Collect$$$$0000000F  mc_w.l(entry11a.o)
    0x08000198   0x08000198   0x00000004   Code   RO         7285    .ARM.Collect$$$$00002712  mc_w.l(entry2.o)
    0x0800019c   0x0800019c   0x00000010   Code   RO         4662    .emb_text           sys.o
    0x080001ac   0x080001ac   0x00000024   Code   RO          554    .text               startup_stm32f407xx.o
    0x080001d0   0x080001d0   0x00000062   Code   RO         7005    .text               mc_w.l(uldiv.o)
    0x08000232   0x08000232   0x00000062   Code   RO         7007    .text               mc_w.l(ldiv.o)
    0x08000294   0x08000294   0x00000018   Code   RO         7009    .text               mc_w.l(strcat.o)
    0x080002ac   0x080002ac   0x0000001c   Code   RO         7013    .text               mc_w.l(strcmp.o)
    0x080002c8   0x080002c8   0x00000012   Code   RO         7015    .text               mc_w.l(strcpy.o)
    0x080002da   0x080002da   0x000000e4   Code   RO         7278    .text               mf_w.l(dmul.o)
    0x080003be   0x080003be   0x0000001a   Code   RO         7280    .text               mf_w.l(dfltui.o)
    0x080003d8   0x080003d8   0x00000032   Code   RO         7282    .text               mf_w.l(dfixui.o)
    0x0800040a   0x0800040a   0x0000001e   Code   RO         7300    .text               mc_w.l(llshl.o)
    0x08000428   0x08000428   0x00000020   Code   RO         7302    .text               mc_w.l(llushr.o)
    0x08000448   0x08000448   0x00000000   Code   RO         7304    .text               mc_w.l(iusefp.o)
    0x08000448   0x08000448   0x000000ba   Code   RO         7305    .text               mf_w.l(depilogue.o)
    0x08000502   0x08000502   0x00000002   PAD
    0x08000504   0x08000504   0x00000024   Code   RO         7315    .text               mc_w.l(init.o)
    0x08000528   0x08000528   0x00000056   Code   RO         7327    .text               mc_w.l(__dczerorl2.o)
    0x0800057e   0x0800057e   0x00000004   Code   RO          321    i.BusFault_Handler  stm32f4xx_it.o
    0x08000582   0x08000582   0x00000002   PAD
    0x08000584   0x08000584   0x000000b0   Code   RO         5303    i.DMA1_Stream4_IRQHandler  i2s.o
    0x08000634   0x08000634   0x00000034   Code   RO         1877    i.DMA_CalcBaseAndBitshift  stm32f4xx_hal_dma.o
    0x08000668   0x08000668   0x000000aa   Code   RO         1878    i.DMA_CheckFifoParam  stm32f4xx_hal_dma.o
    0x08000712   0x08000712   0x00000020   Code   RO         1983    i.DMA_MultiBufferSetConfig  stm32f4xx_hal_dma_ex.o
    0x08000732   0x08000732   0x00000002   Code   RO          322    i.DebugMon_Handler  stm32f4xx_it.o
    0x08000734   0x08000734   0x0000005c   Code   RO         4519    i.FLASH_Erase_Sector  stm32f4xx_hal_flash_ex.o
    0x08000790   0x08000790   0x00000078   Code   RO         4520    i.FLASH_FlushCaches  stm32f4xx_hal_flash_ex.o
    0x08000808   0x08000808   0x00000030   Code   RO         4521    i.FLASH_MassErase   stm32f4xx_hal_flash_ex.o
    0x08000838   0x08000838   0x00000024   Code   RO         4383    i.FLASH_Program_Byte  stm32f4xx_hal_flash.o
    0x0800085c   0x0800085c   0x0000002c   Code   RO         4384    i.FLASH_Program_DoubleWord  stm32f4xx_hal_flash.o
    0x08000888   0x08000888   0x00000028   Code   RO         4385    i.FLASH_Program_HalfWord  stm32f4xx_hal_flash.o
    0x080008b0   0x080008b0   0x00000028   Code   RO         4386    i.FLASH_Program_Word  stm32f4xx_hal_flash.o
    0x080008d8   0x080008d8   0x00000098   Code   RO         4387    i.FLASH_SetErrorCode  stm32f4xx_hal_flash.o
    0x08000970   0x08000970   0x00000064   Code   RO         4388    i.FLASH_WaitForLastOperation  stm32f4xx_hal_flash.o
    0x080009d4   0x080009d4   0x00000048   Code   RO         3433    i.FSMC_NORSRAM_Extended_Timing_Init  stm32f4xx_ll_fsmc.o
    0x08000a1c   0x08000a1c   0x0000005c   Code   RO         3434    i.FSMC_NORSRAM_Init  stm32f4xx_ll_fsmc.o
    0x08000a78   0x08000a78   0x00000044   Code   RO         3435    i.FSMC_NORSRAM_Timing_Init  stm32f4xx_ll_fsmc.o
    0x08000abc   0x08000abc   0x0000007c   Code   RO         1985    i.HAL_DMAEx_MultiBufferStart  stm32f4xx_hal_dma_ex.o
    0x08000b38   0x08000b38   0x00000028   Code   RO         1881    i.HAL_DMA_Abort_IT  stm32f4xx_hal_dma.o
    0x08000b60   0x08000b60   0x00000070   Code   RO         1882    i.HAL_DMA_DeInit    stm32f4xx_hal_dma.o
    0x08000bd0   0x08000bd0   0x000000ec   Code   RO         1886    i.HAL_DMA_Init      stm32f4xx_hal_dma.o
    0x08000cbc   0x08000cbc   0x00000028   Code   RO          568    i.HAL_Delay         stm32f4xx_hal.o
    0x08000ce4   0x08000ce4   0x000000ac   Code   RO         4531    i.HAL_FLASHEx_Erase  stm32f4xx_hal_flash_ex.o
    0x08000d90   0x08000d90   0x00000014   Code   RO         4392    i.HAL_FLASH_Lock    stm32f4xx_hal_flash.o
    0x08000da4   0x08000da4   0x00000098   Code   RO         4397    i.HAL_FLASH_Program  stm32f4xx_hal_flash.o
    0x08000e3c   0x08000e3c   0x00000034   Code   RO         4399    i.HAL_FLASH_Unlock  stm32f4xx_hal_flash.o
    0x08000e70   0x08000e70   0x00000200   Code   RO          887    i.HAL_GPIO_Init     stm32f4xx_hal_gpio.o
    0x08001070   0x08001070   0x00000010   Code   RO          889    i.HAL_GPIO_ReadPin  stm32f4xx_hal_gpio.o
    0x08001080   0x08001080   0x0000000c   Code   RO          891    i.HAL_GPIO_WritePin  stm32f4xx_hal_gpio.o
    0x0800108c   0x0800108c   0x0000000c   Code   RO          573    i.HAL_GetREVID      stm32f4xx_hal.o
    0x08001098   0x08001098   0x0000000c   Code   RO          574    i.HAL_GetTick       stm32f4xx_hal.o
    0x080010a4   0x080010a4   0x00000244   Code   RO         4271    i.HAL_I2SEx_FullDuplex_IRQHandler  stm32f4xx_hal_i2s_ex.o
    0x080012e8   0x080012e8   0x00000002   Code   RO         4275    i.HAL_I2SEx_TxRxCpltCallback  stm32f4xx_hal_i2s_ex.o
    0x080012ea   0x080012ea   0x00000002   Code   RO         4086    i.HAL_I2S_ErrorCallback  stm32f4xx_hal_i2s.o
    0x080012ec   0x080012ec   0x000001c0   Code   RO         4090    i.HAL_I2S_Init      stm32f4xx_hal_i2s.o
    0x080014ac   0x080014ac   0x000000a4   Code   RO         5304    i.HAL_I2S_MspInit   i2s.o
    0x08001550   0x08001550   0x00000002   Code   RO         4096    i.HAL_I2S_RxCpltCallback  stm32f4xx_hal_i2s.o
    0x08001552   0x08001552   0x00000002   Code   RO         4101    i.HAL_I2S_TxCpltCallback  stm32f4xx_hal_i2s.o
    0x08001554   0x08001554   0x00000018   Code   RO          580    i.HAL_IncTick       stm32f4xx_hal.o
    0x0800156c   0x0800156c   0x00000030   Code   RO          581    i.HAL_Init          stm32f4xx_hal.o
    0x0800159c   0x0800159c   0x0000004c   Code   RO          582    i.HAL_InitTick      stm32f4xx_hal.o
    0x080015e8   0x080015e8   0x00000002   Code   RO          525    i.HAL_MspInit       stm32f4xx_hal_msp.o
    0x080015ea   0x080015ea   0x00000020   Code   RO          749    i.HAL_NVIC_EnableIRQ  stm32f4xx_hal_cortex.o
    0x0800160a   0x0800160a   0x0000007c   Code   RO          755    i.HAL_NVIC_SetPriority  stm32f4xx_hal_cortex.o
    0x08001686   0x08001686   0x00000002   PAD
    0x08001688   0x08001688   0x00000028   Code   RO          756    i.HAL_NVIC_SetPriorityGrouping  stm32f4xx_hal_cortex.o
    0x080016b0   0x080016b0   0x00000090   Code   RO         1229    i.HAL_RCCEx_GetPeriphCLKFreq  stm32f4xx_hal_rcc_ex.o
    0x08001740   0x08001740   0x000001a0   Code   RO         1230    i.HAL_RCCEx_PeriphCLKConfig  stm32f4xx_hal_rcc_ex.o
    0x080018e0   0x080018e0   0x00000180   Code   RO         1125    i.HAL_RCC_ClockConfig  stm32f4xx_hal_rcc.o
    0x08001a60   0x08001a60   0x0000000c   Code   RO         1130    i.HAL_RCC_GetHCLKFreq  stm32f4xx_hal_rcc.o
    0x08001a6c   0x08001a6c   0x00000020   Code   RO         1132    i.HAL_RCC_GetPCLK1Freq  stm32f4xx_hal_rcc.o
    0x08001a8c   0x08001a8c   0x00000020   Code   RO         1133    i.HAL_RCC_GetPCLK2Freq  stm32f4xx_hal_rcc.o
    0x08001aac   0x08001aac   0x000000b0   Code   RO         1134    i.HAL_RCC_GetSysClockFreq  stm32f4xx_hal_rcc.o
    0x08001b5c   0x08001b5c   0x00000448   Code   RO         1137    i.HAL_RCC_OscConfig  stm32f4xx_hal_rcc.o
    0x08001fa4   0x08001fa4   0x000000a8   Code   RO         3554    i.HAL_SD_ConfigWideBusOperation  stm32f4xx_hal_sd.o
    0x0800204c   0x0800204c   0x000001f0   Code   RO         3559    i.HAL_SD_GetCardCSD  stm32f4xx_hal_sd.o
    0x0800223c   0x0800223c   0x00000026   Code   RO         3560    i.HAL_SD_GetCardInfo  stm32f4xx_hal_sd.o
    0x08002262   0x08002262   0x00000028   Code   RO         3561    i.HAL_SD_GetCardState  stm32f4xx_hal_sd.o
    0x0800228a   0x0800228a   0x00000036   Code   RO         3566    i.HAL_SD_Init       stm32f4xx_hal_sd.o
    0x080022c0   0x080022c0   0x00000084   Code   RO         3567    i.HAL_SD_InitCard   stm32f4xx_hal_sd.o
    0x08002344   0x08002344   0x000000c0   Code   RO         5243    i.HAL_SD_MspInit    sdio_sdcard.o
    0x08002404   0x08002404   0x0000024c   Code   RO         3570    i.HAL_SD_ReadBlocks  stm32f4xx_hal_sd.o
    0x08002650   0x08002650   0x00000204   Code   RO         3575    i.HAL_SD_WriteBlocks  stm32f4xx_hal_sd.o
    0x08002854   0x08002854   0x000000a0   Code   RO         2974    i.HAL_SPI_Init      stm32f4xx_hal_spi.o
    0x080028f4   0x080028f4   0x00000074   Code   RO         5076    i.HAL_SPI_MspInit   spi.o
    0x08002968   0x08002968   0x000002c8   Code   RO         2983    i.HAL_SPI_TransmitReceive  stm32f4xx_hal_spi.o
    0x08002c30   0x08002c30   0x00000058   Code   RO         3309    i.HAL_SRAM_Init     stm32f4xx_hal_sram.o
    0x08002c88   0x08002c88   0x00000104   Code   RO         4779    i.HAL_SRAM_MspInit  lcd.o
    0x08002d8c   0x08002d8c   0x00000028   Code   RO          758    i.HAL_SYSTICK_CLKSourceConfig  stm32f4xx_hal_cortex.o
    0x08002db4   0x08002db4   0x00000034   Code   RO          760    i.HAL_SYSTICK_Config  stm32f4xx_hal_cortex.o
    0x08002de8   0x08002de8   0x00000002   Code   RO         2712    i.HAL_TIMEx_BreakCallback  stm32f4xx_hal_tim_ex.o
    0x08002dea   0x08002dea   0x00000002   Code   RO         2713    i.HAL_TIMEx_CommutCallback  stm32f4xx_hal_tim_ex.o
    0x08002dec   0x08002dec   0x00000034   Code   RO         2026    i.HAL_TIM_Base_Init  stm32f4xx_hal_tim.o
    0x08002e20   0x08002e20   0x00000002   Code   RO         2028    i.HAL_TIM_Base_MspInit  stm32f4xx_hal_tim.o
    0x08002e22   0x08002e22   0x0000002a   Code   RO         2031    i.HAL_TIM_Base_Start_IT  stm32f4xx_hal_tim.o
    0x08002e4c   0x08002e4c   0x00000164   Code   RO         5580    i.HAL_TIM_IC_CaptureCallback  remote.o
    0x08002fb0   0x08002fb0   0x000000e0   Code   RO         2057    i.HAL_TIM_IC_ConfigChannel  stm32f4xx_hal_tim.o
    0x08003090   0x08003090   0x00000034   Code   RO         2060    i.HAL_TIM_IC_Init   stm32f4xx_hal_tim.o
    0x080030c4   0x080030c4   0x00000094   Code   RO         5581    i.HAL_TIM_IC_MspInit  remote.o
    0x08003158   0x08003158   0x00000078   Code   RO         2065    i.HAL_TIM_IC_Start_IT  stm32f4xx_hal_tim.o
    0x080031d0   0x080031d0   0x00000196   Code   RO         2069    i.HAL_TIM_IRQHandler  stm32f4xx_hal_tim.o
    0x08003366   0x08003366   0x00000002   Code   RO         2072    i.HAL_TIM_OC_DelayElapsedCallback  stm32f4xx_hal_tim.o
    0x08003368   0x08003368   0x00000002   Code   RO         2099    i.HAL_TIM_PWM_PulseFinishedCallback  stm32f4xx_hal_tim.o
    0x0800336a   0x0800336a   0x00000002   PAD
    0x0800336c   0x0800336c   0x0000006c   Code   RO         5582    i.HAL_TIM_PeriodElapsedCallback  remote.o
    0x080033d8   0x080033d8   0x00000032   Code   RO         2109    i.HAL_TIM_ReadCapturedValue  stm32f4xx_hal_tim.o
    0x0800340a   0x0800340a   0x00000002   Code   RO         2112    i.HAL_TIM_TriggerCallback  stm32f4xx_hal_tim.o
    0x0800340c   0x0800340c   0x00000002   Code   RO         1301    i.HAL_UART_ErrorCallback  stm32f4xx_hal_uart.o
    0x0800340e   0x0800340e   0x00000014   Code   RO         1303    i.HAL_UART_GetState  stm32f4xx_hal_uart.o
    0x08003422   0x08003422   0x00000002   PAD
    0x08003424   0x08003424   0x0000014c   Code   RO         1304    i.HAL_UART_IRQHandler  stm32f4xx_hal_uart.o
    0x08003570   0x08003570   0x00000072   Code   RO         1305    i.HAL_UART_Init     stm32f4xx_hal_uart.o
    0x080035e2   0x080035e2   0x00000002   PAD
    0x080035e4   0x080035e4   0x0000009c   Code   RO         4690    i.HAL_UART_MspInit  usart.o
    0x08003680   0x08003680   0x00000070   Code   RO         1310    i.HAL_UART_Receive_IT  stm32f4xx_hal_uart.o
    0x080036f0   0x080036f0   0x00000088   Code   RO         4691    i.HAL_UART_RxCpltCallback  usart.o
    0x08003778   0x08003778   0x00000002   Code   RO         1316    i.HAL_UART_TxCpltCallback  stm32f4xx_hal_uart.o
    0x0800377a   0x0800377a   0x00000004   Code   RO          323    i.HardFault_Handler  stm32f4xx_it.o
    0x0800377e   0x0800377e   0x00000002   PAD
    0x08003780   0x08003780   0x0000005c   Code   RO         5305    i.I2S2_Init         i2s.o
    0x080037dc   0x080037dc   0x000000a8   Code   RO         5306    i.I2S2_SampleRate_Set  i2s.o
    0x08003884   0x08003884   0x00000118   Code   RO         5307    i.I2S2_TX_DMA_Init  i2s.o
    0x0800399c   0x0800399c   0x0000003a   Code   RO         4278    i.I2SEx_RxISR_I2S   stm32f4xx_hal_i2s_ex.o
    0x080039d6   0x080039d6   0x00000002   PAD
    0x080039d8   0x080039d8   0x0000006c   Code   RO         4279    i.I2SEx_RxISR_I2SExt  stm32f4xx_hal_i2s_ex.o
    0x08003a44   0x08003a44   0x00000038   Code   RO         4280    i.I2SEx_TxISR_I2S   stm32f4xx_hal_i2s_ex.o
    0x08003a7c   0x08003a7c   0x0000006c   Code   RO         4281    i.I2SEx_TxISR_I2SExt  stm32f4xx_hal_i2s_ex.o
    0x08003ae8   0x08003ae8   0x000000dc   Code   RO         4108    i.I2S_IRQHandler    stm32f4xx_hal_i2s.o
    0x08003bc4   0x08003bc4   0x00000018   Code   RO         5309    i.I2S_Play_Start    i2s.o
    0x08003bdc   0x08003bdc   0x00000018   Code   RO         5310    i.I2S_Play_Stop     i2s.o
    0x08003bf4   0x08003bf4   0x00000036   Code   RO         4109    i.I2S_Receive_IT    stm32f4xx_hal_i2s.o
    0x08003c2a   0x08003c2a   0x00000036   Code   RO         4110    i.I2S_Transmit_IT   stm32f4xx_hal_i2s.o
    0x08003c60   0x08003c60   0x0000005c   Code   RO         5515    i.IIC_Init          myiic.o
    0x08003cbc   0x08003cbc   0x00000068   Code   RO         5518    i.IIC_Send_Byte     myiic.o
    0x08003d24   0x08003d24   0x0000004c   Code   RO         5519    i.IIC_Start         myiic.o
    0x08003d70   0x08003d70   0x0000004c   Code   RO         5520    i.IIC_Stop          myiic.o
    0x08003dbc   0x08003dbc   0x00000060   Code   RO         5521    i.IIC_Wait_Ack      myiic.o
    0x08003e1c   0x08003e1c   0x00000084   Code   RO         5000    i.KEY_Init          key.o
    0x08003ea0   0x08003ea0   0x000000c8   Code   RO         5001    i.KEY_Scan          key.o
    0x08003f68   0x08003f68   0x00000034   Code   RO         4781    i.LCD_Clear         lcd.o
    0x08003f9c   0x08003f9c   0x00000130   Code   RO         4785    i.LCD_Display_Dir   lcd.o
    0x080040cc   0x080040cc   0x000026e4   Code   RO         4792    i.LCD_Init          lcd.o
    0x080067b0   0x080067b0   0x00000014   Code   RO         4794    i.LCD_RD_DATA       lcd.o
    0x080067c4   0x080067c4   0x00000060   Code   RO         4797    i.LCD_SSD_BackLightSet  lcd.o
    0x08006824   0x08006824   0x00000234   Code   RO         4798    i.LCD_Scan_Dir      lcd.o
    0x08006a58   0x08006a58   0x00000120   Code   RO         4799    i.LCD_SetCursor     lcd.o
    0x08006b78   0x08006b78   0x00000018   Code   RO         4805    i.LCD_WR_DATA       lcd.o
    0x08006b90   0x08006b90   0x00000018   Code   RO         4806    i.LCD_WR_REG        lcd.o
    0x08006ba8   0x08006ba8   0x00000014   Code   RO         4808    i.LCD_WriteRAM_Prepare  lcd.o
    0x08006bbc   0x08006bbc   0x00000014   Code   RO         4809    i.LCD_WriteReg      lcd.o
    0x08006bd0   0x08006bd0   0x0000005c   Code   RO         4755    i.LED_Init          led.o
    0x08006c2c   0x08006c2c   0x00000004   Code   RO          324    i.MemManage_Handler  stm32f4xx_it.o
    0x08006c30   0x08006c30   0x00000002   Code   RO          325    i.NMI_Handler       stm32f4xx_it.o
    0x08006c32   0x08006c32   0x00000002   Code   RO          326    i.PendSV_Handler    stm32f4xx_it.o
    0x08006c34   0x08006c34   0x0000005c   Code   RO         5583    i.Remote_Init       remote.o
    0x08006c90   0x08006c90   0x00000068   Code   RO         5584    i.Remote_Scan       remote.o
    0x08006cf8   0x08006cf8   0x0000002c   Code   RO         3806    i.SDIO_ConfigData   stm32f4xx_ll_sdmmc.o
    0x08006d24   0x08006d24   0x00000008   Code   RO         3807    i.SDIO_GetCommandResponse  stm32f4xx_ll_sdmmc.o
    0x08006d2c   0x08006d2c   0x0000000a   Code   RO         3810    i.SDIO_GetPowerState  stm32f4xx_ll_sdmmc.o
    0x08006d36   0x08006d36   0x00000016   Code   RO         3811    i.SDIO_GetResponse  stm32f4xx_ll_sdmmc.o
    0x08006d4c   0x08006d4c   0x00000034   Code   RO         3812    i.SDIO_Init         stm32f4xx_ll_sdmmc.o
    0x08006d80   0x08006d80   0x0000000a   Code   RO         3814    i.SDIO_PowerState_ON  stm32f4xx_ll_sdmmc.o
    0x08006d8a   0x08006d8a   0x00000008   Code   RO         3815    i.SDIO_ReadFIFO     stm32f4xx_ll_sdmmc.o
    0x08006d92   0x08006d92   0x00000028   Code   RO         3816    i.SDIO_SendCommand  stm32f4xx_ll_sdmmc.o
    0x08006dba   0x08006dba   0x0000000c   Code   RO         3818    i.SDIO_WriteFIFO    stm32f4xx_ll_sdmmc.o
    0x08006dc6   0x08006dc6   0x0000003a   Code   RO         3819    i.SDMMC_CmdAppCommand  stm32f4xx_ll_sdmmc.o
    0x08006e00   0x08006e00   0x0000003c   Code   RO         3820    i.SDMMC_CmdAppOperCommand  stm32f4xx_ll_sdmmc.o
    0x08006e3c   0x08006e3c   0x0000003a   Code   RO         3821    i.SDMMC_CmdBlockLength  stm32f4xx_ll_sdmmc.o
    0x08006e76   0x08006e76   0x0000003a   Code   RO         3822    i.SDMMC_CmdBusWidth  stm32f4xx_ll_sdmmc.o
    0x08006eb0   0x08006eb0   0x0000002e   Code   RO         3826    i.SDMMC_CmdGoIdleState  stm32f4xx_ll_sdmmc.o
    0x08006ede   0x08006ede   0x00000036   Code   RO         3828    i.SDMMC_CmdOperCond  stm32f4xx_ll_sdmmc.o
    0x08006f14   0x08006f14   0x0000003a   Code   RO         3829    i.SDMMC_CmdReadMultiBlock  stm32f4xx_ll_sdmmc.o
    0x08006f4e   0x08006f4e   0x0000003a   Code   RO         3830    i.SDMMC_CmdReadSingleBlock  stm32f4xx_ll_sdmmc.o
    0x08006f88   0x08006f88   0x0000003c   Code   RO         3833    i.SDMMC_CmdSelDesel  stm32f4xx_ll_sdmmc.o
    0x08006fc4   0x08006fc4   0x00000034   Code   RO         3834    i.SDMMC_CmdSendCID  stm32f4xx_ll_sdmmc.o
    0x08006ff8   0x08006ff8   0x00000034   Code   RO         3835    i.SDMMC_CmdSendCSD  stm32f4xx_ll_sdmmc.o
    0x0800702c   0x0800702c   0x0000003a   Code   RO         3836    i.SDMMC_CmdSendSCR  stm32f4xx_ll_sdmmc.o
    0x08007066   0x08007066   0x0000003a   Code   RO         3837    i.SDMMC_CmdSendStatus  stm32f4xx_ll_sdmmc.o
    0x080070a0   0x080070a0   0x0000003a   Code   RO         3838    i.SDMMC_CmdSetRelAdd  stm32f4xx_ll_sdmmc.o
    0x080070da   0x080070da   0x00000002   PAD
    0x080070dc   0x080070dc   0x0000003c   Code   RO         3840    i.SDMMC_CmdStopTransfer  stm32f4xx_ll_sdmmc.o
    0x08007118   0x08007118   0x0000003a   Code   RO         3842    i.SDMMC_CmdWriteMultiBlock  stm32f4xx_ll_sdmmc.o
    0x08007152   0x08007152   0x0000003a   Code   RO         3843    i.SDMMC_CmdWriteSingleBlock  stm32f4xx_ll_sdmmc.o
    0x0800718c   0x0800718c   0x00000040   Code   RO         3844    i.SDMMC_GetCmdError  stm32f4xx_ll_sdmmc.o
    0x080071cc   0x080071cc   0x000001a4   Code   RO         3845    i.SDMMC_GetCmdResp1  stm32f4xx_ll_sdmmc.o
    0x08007370   0x08007370   0x0000005c   Code   RO         3846    i.SDMMC_GetCmdResp2  stm32f4xx_ll_sdmmc.o
    0x080073cc   0x080073cc   0x00000050   Code   RO         3847    i.SDMMC_GetCmdResp3  stm32f4xx_ll_sdmmc.o
    0x0800741c   0x0800741c   0x000000b0   Code   RO         3848    i.SDMMC_GetCmdResp6  stm32f4xx_ll_sdmmc.o
    0x080074cc   0x080074cc   0x00000058   Code   RO         3849    i.SDMMC_GetCmdResp7  stm32f4xx_ll_sdmmc.o
    0x08007524   0x08007524   0x0000012c   Code   RO         3583    i.SD_FindSCR        stm32f4xx_hal_sd.o
    0x08007650   0x08007650   0x00000018   Code   RO         5245    i.SD_GetCardState   sdio_sdcard.o
    0x08007668   0x08007668   0x00000050   Code   RO         5246    i.SD_Init           sdio_sdcard.o
    0x080076b8   0x080076b8   0x000000fc   Code   RO         3584    i.SD_InitCard       stm32f4xx_hal_sd.o
    0x080077b4   0x080077b4   0x000000ee   Code   RO         3586    i.SD_PowerON        stm32f4xx_hal_sd.o
    0x080078a2   0x080078a2   0x00000002   PAD
    0x080078a4   0x080078a4   0x00000054   Code   RO         5247    i.SD_ReadDisk       sdio_sdcard.o
    0x080078f8   0x080078f8   0x00000032   Code   RO         3589    i.SD_SendStatus     stm32f4xx_hal_sd.o
    0x0800792a   0x0800792a   0x0000006a   Code   RO         3590    i.SD_WideBus_Disable  stm32f4xx_hal_sd.o
    0x08007994   0x08007994   0x0000006a   Code   RO         3591    i.SD_WideBus_Enable  stm32f4xx_hal_sd.o
    0x080079fe   0x080079fe   0x00000002   PAD
    0x08007a00   0x08007a00   0x00000054   Code   RO         5248    i.SD_WriteDisk      sdio_sdcard.o
    0x08007a54   0x08007a54   0x00000058   Code   RO         5077    i.SPI1_Init         spi.o
    0x08007aac   0x08007aac   0x00000020   Code   RO         5078    i.SPI1_ReadWriteByte  spi.o
    0x08007acc   0x08007acc   0x00000048   Code   RO         5079    i.SPI1_SetSpeed     spi.o
    0x08007b14   0x08007b14   0x0000006c   Code   RO         3014    i.SPI_EndRxTxTransaction  stm32f4xx_hal_spi.o
    0x08007b80   0x08007b80   0x000000a8   Code   RO         3021    i.SPI_WaitFlagStateUntilTimeout  stm32f4xx_hal_spi.o
    0x08007c28   0x08007c28   0x000000de   Code   RO         6917    i.SRAM_GPIO_Set     XMRAM.lib(xmram.o)
    0x08007d06   0x08007d06   0x00000002   PAD
    0x08007d08   0x08007d08   0x00000168   Code   RO         5033    i.SRAM_Init         sram.o
    0x08007e70   0x08007e70   0x00000002   Code   RO          327    i.SVC_Handler       stm32f4xx_it.o
    0x08007e72   0x08007e72   0x00000002   PAD
    0x08007e74   0x08007e74   0x000000cc   Code   RO         4663    i.Stm32_Clock_Init  sys.o
    0x08007f40   0x08007f40   0x00000008   Code   RO          328    i.SysTick_Handler   stm32f4xx_it.o
    0x08007f48   0x08007f48   0x00000064   Code   RO          400    i.SystemInit        system_stm32f4xx.o
    0x08007fac   0x08007fac   0x00000010   Code   RO         5585    i.TIM1_CC_IRQHandler  remote.o
    0x08007fbc   0x08007fbc   0x00000010   Code   RO         5586    i.TIM1_UP_TIM10_IRQHandler  remote.o
    0x08007fcc   0x08007fcc   0x00000044   Code   RO         5647    i.TIM4_IRQHandler   usmart.o
    0x08008010   0x08008010   0x000000d8   Code   RO         2114    i.TIM_Base_SetConfig  stm32f4xx_hal_tim.o
    0x080080e8   0x080080e8   0x00000022   Code   RO         2115    i.TIM_CCxChannelCmd  stm32f4xx_hal_tim.o
    0x0800810a   0x0800810a   0x00000002   PAD
    0x0800810c   0x0800810c   0x00000090   Code   RO         2133    i.TIM_TI1_SetConfig  stm32f4xx_hal_tim.o
    0x0800819c   0x0800819c   0x0000003a   Code   RO         2135    i.TIM_TI2_SetConfig  stm32f4xx_hal_tim.o
    0x080081d6   0x080081d6   0x00000038   Code   RO         2136    i.TIM_TI3_SetConfig  stm32f4xx_hal_tim.o
    0x0800820e   0x0800820e   0x0000003c   Code   RO         2137    i.TIM_TI4_SetConfig  stm32f4xx_hal_tim.o
    0x0800824a   0x0800824a   0x00000002   PAD
    0x0800824c   0x0800824c   0x00000060   Code   RO         5648    i.Timer4_Init       usmart.o
    0x080082ac   0x080082ac   0x00000014   Code   RO         1318    i.UART_DMAAbortOnError  stm32f4xx_hal_uart.o
    0x080082c0   0x080082c0   0x00000020   Code   RO         1328    i.UART_EndRxTransfer  stm32f4xx_hal_uart.o
    0x080082e0   0x080082e0   0x00000020   Code   RO         1329    i.UART_EndTransmit_IT  stm32f4xx_hal_uart.o
    0x08008300   0x08008300   0x000000a6   Code   RO         1331    i.UART_Receive_IT   stm32f4xx_hal_uart.o
    0x080083a6   0x080083a6   0x00000002   PAD
    0x080083a8   0x080083a8   0x00000368   Code   RO         1332    i.UART_SetConfig    stm32f4xx_hal_uart.o
    0x08008710   0x08008710   0x00000068   Code   RO         1333    i.UART_Transmit_IT  stm32f4xx_hal_uart.o
    0x08008778   0x08008778   0x00000040   Code   RO         4692    i.USART1_IRQHandler  usart.o
    0x080087b8   0x080087b8   0x00000004   Code   RO          329    i.UsageFault_Handler  stm32f4xx_it.o
    0x080087bc   0x080087bc   0x0000002c   Code   RO         5124    i.W25QXX_Erase_Chip  w25qxx.o
    0x080087e8   0x080087e8   0x00000058   Code   RO         5125    i.W25QXX_Erase_Sector  w25qxx.o
    0x08008840   0x08008840   0x0000009c   Code   RO         5126    i.W25QXX_Init       w25qxx.o
    0x080088dc   0x080088dc   0x00000064   Code   RO         5128    i.W25QXX_Read       w25qxx.o
    0x08008940   0x08008940   0x00000048   Code   RO         5129    i.W25QXX_ReadID     w25qxx.o
    0x08008988   0x08008988   0x00000050   Code   RO         5130    i.W25QXX_ReadSR     w25qxx.o
    0x080089d8   0x080089d8   0x00000014   Code   RO         5132    i.W25QXX_Wait_Busy  w25qxx.o
    0x080089ec   0x080089ec   0x000000d4   Code   RO         5133    i.W25QXX_Write      w25qxx.o
    0x08008ac0   0x08008ac0   0x00000020   Code   RO         5135    i.W25QXX_Write_Enable  w25qxx.o
    0x08008ae0   0x08008ae0   0x00000046   Code   RO         5136    i.W25QXX_Write_NoCheck  w25qxx.o
    0x08008b26   0x08008b26   0x00000002   PAD
    0x08008b28   0x08008b28   0x0000006c   Code   RO         5137    i.W25QXX_Write_Page  w25qxx.o
    0x08008b94   0x08008b94   0x00000040   Code   RO         5378    i.WM8978_ADDA_Cfg   wm8978.o
    0x08008bd4   0x08008bd4   0x00000036   Code   RO         5379    i.WM8978_AUX_Gain   wm8978.o
    0x08008c0a   0x08008c0a   0x0000002e   Code   RO         5386    i.WM8978_HPvol_Set  wm8978.o
    0x08008c38   0x08008c38   0x0000001c   Code   RO         5387    i.WM8978_I2S_Cfg    wm8978.o
    0x08008c54   0x08008c54   0x00000078   Code   RO         5388    i.WM8978_Init       wm8978.o
    0x08008ccc   0x08008ccc   0x00000066   Code   RO         5389    i.WM8978_Input_Cfg  wm8978.o
    0x08008d32   0x08008d32   0x00000036   Code   RO         5390    i.WM8978_LINEIN_Gain  wm8978.o
    0x08008d68   0x08008d68   0x0000002a   Code   RO         5392    i.WM8978_Output_Cfg  wm8978.o
    0x08008d92   0x08008d92   0x00000002   PAD
    0x08008d94   0x08008d94   0x00000010   Code   RO         5393    i.WM8978_Read_Reg   wm8978.o
    0x08008da4   0x08008da4   0x00000022   Code   RO         5394    i.WM8978_SPKvol_Set  wm8978.o
    0x08008dc6   0x08008dc6   0x00000002   PAD
    0x08008dc8   0x08008dc8   0x00000054   Code   RO         5395    i.WM8978_Write_Reg  wm8978.o
    0x08008e1c   0x08008e1c   0x00000030   Code   RO         6918    i.XmRamInit         XMRAM.lib(xmram.o)
    0x08008e4c   0x08008e4c   0x00000020   Code   RO         7224    i.__0printf$8       mc_w.l(printf8.o)
    0x08008e6c   0x08008e6c   0x00000010   Code   RO          762    i.__NVIC_GetPriorityGrouping  stm32f4xx_hal_cortex.o
    0x08008e7c   0x08008e7c   0x00000028   Code   RO          763    i.__NVIC_SetPriority  stm32f4xx_hal_cortex.o
    0x08008ea4   0x08008ea4   0x0000000e   Code   RO         7321    i.__scatterload_copy  mc_w.l(handlers.o)
    0x08008eb2   0x08008eb2   0x00000002   Code   RO         7322    i.__scatterload_null  mc_w.l(handlers.o)
    0x08008eb4   0x08008eb4   0x0000000e   Code   RO         7323    i.__scatterload_zeroinit  mc_w.l(handlers.o)
    0x08008ec2   0x08008ec2   0x00000002   PAD
    0x08008ec4   0x08008ec4   0x00000410   Code   RO         7231    i._printf_core      mc_w.l(printf8.o)
    0x080092d4   0x080092d4   0x00000024   Code   RO         7232    i._printf_post_padding  mc_w.l(printf8.o)
    0x080092f8   0x080092f8   0x0000002e   Code   RO         7233    i._printf_pre_padding  mc_w.l(printf8.o)
    0x08009326   0x08009326   0x00000002   PAD
    0x08009328   0x08009328   0x00000078   Code   RO         6919    i.addr_out          XMRAM.lib(xmram.o)
    0x080093a0   0x080093a0   0x0000005e   Code   RO         6851    i.audio_get_tnum    audioplay.o
    0x080093fe   0x080093fe   0x00000002   PAD
    0x08009400   0x08009400   0x000001cc   Code   RO         6854    i.audio_play        audioplay.o
    0x080095cc   0x080095cc   0x0000003c   Code   RO         6855    i.audio_play_song   audioplay.o
    0x08009608   0x08009608   0x00000014   Code   RO         6856    i.audio_start       audioplay.o
    0x0800961c   0x0800961c   0x00000014   Code   RO         6857    i.audio_stop        audioplay.o
    0x08009630   0x08009630   0x00000088   Code   RO         5932    i.change_bitmap     ff.o
    0x080096b8   0x080096b8   0x0000001a   Code   RO         6413    i.char_upper        exfuns.o
    0x080096d2   0x080096d2   0x00000002   PAD
    0x080096d4   0x080096d4   0x00000084   Code   RO         5933    i.check_fs          ff.o
    0x08009758   0x08009758   0x00000014   Code   RO         5934    i.chk_chr           ff.o
    0x0800976c   0x0800976c   0x00000062   Code   RO         5935    i.clmt_clust        ff.o
    0x080097ce   0x080097ce   0x0000001a   Code   RO         5936    i.clust2sect        ff.o
    0x080097e8   0x080097e8   0x00000098   Code   RO         5937    i.cmp_lfn           ff.o
    0x08009880   0x08009880   0x0000015e   Code   RO         5938    i.create_chain      ff.o
    0x080099de   0x080099de   0x00000002   PAD
    0x080099e0   0x080099e0   0x00000270   Code   RO         5939    i.create_name       ff.o
    0x08009c50   0x08009c50   0x00000090   Code   RO         5940    i.create_xdir       ff.o
    0x08009ce0   0x08009ce0   0x00000058   Code   RO         6920    i.dataout           XMRAM.lib(xmram.o)
    0x08009d38   0x08009d38   0x00000014   Code   RO         4624    i.delay_init        delay.o
    0x08009d4c   0x08009d4c   0x00000018   Code   RO         4625    i.delay_ms          delay.o
    0x08009d64   0x08009d64   0x00000048   Code   RO         4626    i.delay_us          delay.o
    0x08009dac   0x08009dac   0x0000007c   Code   RO         5941    i.dir_alloc         ff.o
    0x08009e28   0x08009e28   0x000001a0   Code   RO         5942    i.dir_find          ff.o
    0x08009fc8   0x08009fc8   0x00000120   Code   RO         5943    i.dir_next          ff.o
    0x0800a0e8   0x0800a0e8   0x00000104   Code   RO         5944    i.dir_read          ff.o
    0x0800a1ec   0x0800a1ec   0x0000020c   Code   RO         5945    i.dir_register      ff.o
    0x0800a3f8   0x0800a3f8   0x00000072   Code   RO         5946    i.dir_remove        ff.o
    0x0800a46a   0x0800a46a   0x000000aa   Code   RO         5947    i.dir_sdi           ff.o
    0x0800a514   0x0800a514   0x0000002c   Code   RO         6344    i.disk_initialize   diskio.o
    0x0800a540   0x0800a540   0x00000084   Code   RO         6345    i.disk_ioctl        diskio.o
    0x0800a5c4   0x0800a5c4   0x0000007a   Code   RO         6346    i.disk_read         diskio.o
    0x0800a63e   0x0800a63e   0x00000006   Code   RO         6347    i.disk_status       diskio.o
    0x0800a644   0x0800a644   0x0000007a   Code   RO         6348    i.disk_write        diskio.o
    0x0800a6be   0x0800a6be   0x00000002   PAD
    0x0800a6c0   0x0800a6c0   0x00000084   Code   RO         6419    i.exfuns_init       exfuns.o
    0x0800a744   0x0800a744   0x00000026   Code   RO         5948    i.f_close           ff.o
    0x0800a76a   0x0800a76a   0x00000018   Code   RO         5949    i.f_closedir        ff.o
    0x0800a782   0x0800a782   0x00000166   Code   RO         5950    i.f_getfree         ff.o
    0x0800a8e8   0x0800a8e8   0x00000116   Code   RO         5951    i.f_getlabel        ff.o
    0x0800a9fe   0x0800a9fe   0x00000052   Code   RO         5952    i.f_gets            ff.o
    0x0800aa50   0x0800aa50   0x0000041a   Code   RO         5953    i.f_lseek           ff.o
    0x0800ae6a   0x0800ae6a   0x000001f4   Code   RO         5954    i.f_mkdir           ff.o
    0x0800b05e   0x0800b05e   0x00000002   PAD
    0x0800b060   0x0800b060   0x00000570   Code   RO         5955    i.f_mkfs            ff.o
    0x0800b5d0   0x0800b5d0   0x0000005c   Code   RO         5956    i.f_mount           ff.o
    0x0800b62c   0x0800b62c   0x000002bc   Code   RO         5957    i.f_open            ff.o
    0x0800b8e8   0x0800b8e8   0x000000e2   Code   RO         5958    i.f_opendir         ff.o
    0x0800b9ca   0x0800b9ca   0x00000040   Code   RO         5960    i.f_putc            ff.o
    0x0800ba0a   0x0800ba0a   0x0000004a   Code   RO         5961    i.f_puts            ff.o
    0x0800ba54   0x0800ba54   0x00000228   Code   RO         5962    i.f_read            ff.o
    0x0800bc7c   0x0800bc7c   0x0000007a   Code   RO         5963    i.f_readdir         ff.o
    0x0800bcf6   0x0800bcf6   0x000001b6   Code   RO         5964    i.f_rename          ff.o
    0x0800beac   0x0800beac   0x00000268   Code   RO         5965    i.f_setlabel        ff.o
    0x0800c114   0x0800c114   0x0000018e   Code   RO         5967    i.f_sync            ff.o
    0x0800c2a2   0x0800c2a2   0x00000002   PAD
    0x0800c2a4   0x0800c2a4   0x000000b0   Code   RO         6420    i.f_typetell        exfuns.o
    0x0800c354   0x0800c354   0x0000012c   Code   RO         5969    i.f_unlink          ff.o
    0x0800c480   0x0800c480   0x00000292   Code   RO         5970    i.f_write           ff.o
    0x0800c712   0x0800c712   0x00000002   PAD
    0x0800c714   0x0800c714   0x00000098   Code   RO         6652    i.ff_convert        mycc936.o
    0x0800c7ac   0x0800c7ac   0x0000000e   Code   RO         6349    i.ff_memalloc       diskio.o
    0x0800c7ba   0x0800c7ba   0x0000000e   Code   RO         6350    i.ff_memfree        diskio.o
    0x0800c7c8   0x0800c7c8   0x00000038   Code   RO         6653    i.ff_wtoupper       mycc936.o
    0x0800c800   0x0800c800   0x00000036   Code   RO         5971    i.fill_fat_chain    ff.o
    0x0800c836   0x0800c836   0x000000a4   Code   RO         5972    i.find_bitmap       ff.o
    0x0800c8da   0x0800c8da   0x00000002   PAD
    0x0800c8dc   0x0800c8dc   0x00000458   Code   RO         5973    i.find_volume       ff.o
    0x0800cd34   0x0800cd34   0x000000e4   Code   RO         5974    i.follow_path       ff.o
    0x0800ce18   0x0800ce18   0x0000001c   Code   RO         4694    i.fputc             usart.o
    0x0800ce34   0x0800ce34   0x000000cc   Code   RO         5975    i.gen_numname       ff.o
    0x0800cf00   0x0800cf00   0x0000017a   Code   RO         5976    i.get_fat           ff.o
    0x0800d07a   0x0800d07a   0x00000004   Code   RO         6351    i.get_fattime       diskio.o
    0x0800d07e   0x0800d07e   0x00000162   Code   RO         5977    i.get_fileinfo      ff.o
    0x0800d1e0   0x0800d1e0   0x0000004a   Code   RO         5978    i.get_ldnumber      ff.o
    0x0800d22a   0x0800d22a   0x000000bc   Code   RO         5979    i.get_xdir_info     ff.o
    0x0800d2e6   0x0800d2e6   0x00000002   PAD
    0x0800d2e8   0x0800d2e8   0x00000124   Code   RO         6776    i.hello             wavplay.o
    0x0800d40c   0x0800d40c   0x00000026   Code   RO         5980    i.ld_clust          ff.o
    0x0800d432   0x0800d432   0x00000018   Code   RO         5981    i.ld_dword          ff.o
    0x0800d44a   0x0800d44a   0x00000062   Code   RO         5982    i.ld_qword          ff.o
    0x0800d4ac   0x0800d4ac   0x0000000c   Code   RO         5983    i.ld_word           ff.o
    0x0800d4b8   0x0800d4b8   0x0000003c   Code   RO         5984    i.load_obj_dir      ff.o
    0x0800d4f4   0x0800d4f4   0x000000dc   Code   RO         5985    i.load_xdir         ff.o
    0x0800d5d0   0x0800d5d0   0x000000ac   Code   RO            4    i.main              main.o
    0x0800d67c   0x0800d67c   0x00000024   Code   RO         5986    i.mem_cmp           ff.o
    0x0800d6a0   0x0800d6a0   0x0000001a   Code   RO         5987    i.mem_cpy           ff.o
    0x0800d6ba   0x0800d6ba   0x00000012   Code   RO         5988    i.mem_set           ff.o
    0x0800d6cc   0x0800d6cc   0x00000014   Code   RO         6498    i.mf_close          fattester.o
    0x0800d6e0   0x0800d6e0   0x00000010   Code   RO         6499    i.mf_closedir       fattester.o
    0x0800d6f0   0x0800d6f0   0x00000014   Code   RO         6500    i.mf_fmkfs          fattester.o
    0x0800d704   0x0800d704   0x00000084   Code   RO         6501    i.mf_getlabel       fattester.o
    0x0800d788   0x0800d788   0x0000004c   Code   RO         6502    i.mf_gets           fattester.o
    0x0800d7d4   0x0800d7d4   0x00000018   Code   RO         6503    i.mf_lseek          fattester.o
    0x0800d7ec   0x0800d7ec   0x0000000c   Code   RO         6504    i.mf_mkdir          fattester.o
    0x0800d7f8   0x0800d7f8   0x00000018   Code   RO         6505    i.mf_mount          fattester.o
    0x0800d810   0x0800d810   0x00000030   Code   RO         6506    i.mf_open           fattester.o
    0x0800d840   0x0800d840   0x00000014   Code   RO         6507    i.mf_opendir        fattester.o
    0x0800d854   0x0800d854   0x00000018   Code   RO         6508    i.mf_putc           fattester.o
    0x0800d86c   0x0800d86c   0x00000018   Code   RO         6509    i.mf_puts           fattester.o
    0x0800d884   0x0800d884   0x00000158   Code   RO         6510    i.mf_read           fattester.o
    0x0800d9dc   0x0800d9dc   0x000001c4   Code   RO         6511    i.mf_readdir        fattester.o
    0x0800dba0   0x0800dba0   0x00000010   Code   RO         6512    i.mf_rename         fattester.o
    0x0800dbb0   0x0800dbb0   0x00000060   Code   RO         6513    i.mf_scan_files     fattester.o
    0x0800dc10   0x0800dc10   0x0000005c   Code   RO         6514    i.mf_setlabel       fattester.o
    0x0800dc6c   0x0800dc6c   0x000000a8   Code   RO         6515    i.mf_showfree       fattester.o
    0x0800dd14   0x0800dd14   0x0000000c   Code   RO         6516    i.mf_size           fattester.o
    0x0800dd20   0x0800dd20   0x0000000c   Code   RO         6517    i.mf_tell           fattester.o
    0x0800dd2c   0x0800dd2c   0x0000000c   Code   RO         6518    i.mf_unlink         fattester.o
    0x0800dd38   0x0800dd38   0x000000b8   Code   RO         6519    i.mf_write          fattester.o
    0x0800ddf0   0x0800ddf0   0x00000034   Code   RO         5989    i.move_window       ff.o
    0x0800de24   0x0800de24   0x0000006c   Code   RO         5851    i.my_mem_free       malloc.o
    0x0800de90   0x0800de90   0x00000044   Code   RO         5852    i.my_mem_init       malloc.o
    0x0800ded4   0x0800ded4   0x000000a8   Code   RO         5853    i.my_mem_malloc     malloc.o
    0x0800df7c   0x0800df7c   0x00000040   Code   RO         5854    i.my_mem_perused    malloc.o
    0x0800dfbc   0x0800dfbc   0x00000024   Code   RO         5855    i.myfree            malloc.o
    0x0800dfe0   0x0800dfe0   0x00000028   Code   RO         5856    i.mymalloc          malloc.o
    0x0800e008   0x0800e008   0x00000014   Code   RO         5858    i.mymemset          malloc.o
    0x0800e01c   0x0800e01c   0x00000088   Code   RO         5990    i.pick_lfn          ff.o
    0x0800e0a4   0x0800e0a4   0x00000144   Code   RO         5991    i.put_fat           ff.o
    0x0800e1e8   0x0800e1e8   0x00000080   Code   RO         5992    i.put_lfn           ff.o
    0x0800e268   0x0800e268   0x00000044   Code   RO         5993    i.putc_bfd          ff.o
    0x0800e2ac   0x0800e2ac   0x00000050   Code   RO         6777    i.readFlash         wavplay.o
    0x0800e2fc   0x0800e2fc   0x00000006   Code   RO         5649    i.read_addr         usmart.o
    0x0800e302   0x0800e302   0x0000010a   Code   RO         5994    i.remove_chain      ff.o
    0x0800e40c   0x0800e40c   0x000000a0   Code   RO         6921    i.sram_init         XMRAM.lib(xmram.o)
    0x0800e4ac   0x0800e4ac   0x000001e0   Code   RO         6922    i.sram_reg_read     XMRAM.lib(xmram.o)
    0x0800e68c   0x0800e68c   0x000000e4   Code   RO         6923    i.sram_reg_write    XMRAM.lib(xmram.o)
    0x0800e770   0x0800e770   0x00000024   Code   RO         5995    i.st_clust          ff.o
    0x0800e794   0x0800e794   0x00000018   Code   RO         5996    i.st_dword          ff.o
    0x0800e7ac   0x0800e7ac   0x0000005c   Code   RO         5997    i.st_qword          ff.o
    0x0800e808   0x0800e808   0x0000000c   Code   RO         5998    i.st_word           ff.o
    0x0800e814   0x0800e814   0x0000006e   Code   RO         5999    i.store_xdir        ff.o
    0x0800e882   0x0800e882   0x00000020   Code   RO         6000    i.sum_sfn           ff.o
    0x0800e8a2   0x0800e8a2   0x00000002   PAD
    0x0800e8a4   0x0800e8a4   0x00000090   Code   RO         6001    i.sync_fs           ff.o
    0x0800e934   0x0800e934   0x00000052   Code   RO         6002    i.sync_window       ff.o
    0x0800e986   0x0800e986   0x00000002   PAD
    0x0800e988   0x0800e988   0x00000038   Code   RO         4695    i.uart_init         usart.o
    0x0800e9c0   0x0800e9c0   0x000000b0   Code   RO         5650    i.usmart_cmd_rec    usmart.o
    0x0800ea70   0x0800ea70   0x000002d4   Code   RO         5651    i.usmart_exe        usmart.o
    0x0800ed44   0x0800ed44   0x000000d4   Code   RO         5736    i.usmart_get_aparm  usmart_str.o
    0x0800ee18   0x0800ee18   0x00000036   Code   RO         5737    i.usmart_get_cmdname  usmart_str.o
    0x0800ee4e   0x0800ee4e   0x00000002   PAD
    0x0800ee50   0x0800ee50   0x000001c0   Code   RO         5738    i.usmart_get_fname  usmart_str.o
    0x0800f010   0x0800f010   0x0000010c   Code   RO         5739    i.usmart_get_fparam  usmart_str.o
    0x0800f11c   0x0800f11c   0x00000020   Code   RO         5740    i.usmart_get_parmpos  usmart_str.o
    0x0800f13c   0x0800f13c   0x00000044   Code   RO         5652    i.usmart_get_runtime  usmart.o
    0x0800f180   0x0800f180   0x00000028   Code   RO         5653    i.usmart_init       usmart.o
    0x0800f1a8   0x0800f1a8   0x00000016   Code   RO         5741    i.usmart_pow        usmart_str.o
    0x0800f1be   0x0800f1be   0x00000002   PAD
    0x0800f1c0   0x0800f1c0   0x00000034   Code   RO         5654    i.usmart_reset_runtime  usmart.o
    0x0800f1f4   0x0800f1f4   0x000000bc   Code   RO         5655    i.usmart_scan       usmart.o
    0x0800f2b0   0x0800f2b0   0x00000016   Code   RO         5742    i.usmart_search_nextc  usmart_str.o
    0x0800f2c6   0x0800f2c6   0x00000106   Code   RO         5743    i.usmart_str2num    usmart_str.o
    0x0800f3cc   0x0800f3cc   0x00000022   Code   RO         5744    i.usmart_strcmp     usmart_str.o
    0x0800f3ee   0x0800f3ee   0x00000016   Code   RO         5745    i.usmart_strcopy    usmart_str.o
    0x0800f404   0x0800f404   0x00000018   Code   RO         5746    i.usmart_strlen     usmart_str.o
    0x0800f41c   0x0800f41c   0x000006f4   Code   RO         5656    i.usmart_sys_cmd_exe  usmart.o
    0x0800fb10   0x0800fb10   0x00000042   Code   RO         6003    i.validate          ff.o
    0x0800fb52   0x0800fb52   0x00000002   PAD
    0x0800fb54   0x0800fb54   0x000000ac   Code   RO         6778    i.wav_buffill       wavplay.o
    0x0800fc00   0x0800fc00   0x000001fc   Code   RO         6779    i.wav_decode_init   wavplay.o
    0x0800fdfc   0x0800fdfc   0x0000004c   Code   RO         6780    i.wav_get_curtime   wavplay.o
    0x0800fe48   0x0800fe48   0x00000070   Code   RO         6781    i.wav_i2s_dma_tx_callback  wavplay.o
    0x0800feb8   0x0800feb8   0x000002a0   Code   RO         6782    i.wav_play_song     wavplay.o
    0x08010158   0x08010158   0x0000008c   Code   RO            5    i.writeFlash        main.o
    0x080101e4   0x080101e4   0x00000004   Code   RO         5657    i.write_addr        usmart.o
    0x080101e8   0x080101e8   0x0000003a   Code   RO         6004    i.xdir_sum          ff.o
    0x08010222   0x08010222   0x0000004c   Code   RO         6005    i.xname_sum         ff.o
    0x0801026e   0x0801026e   0x00000010   Code   RO         6924    i.xram_delay        XMRAM.lib(xmram.o)
    0x0801027e   0x0801027e   0x000000f0   Data   RO            6    .constdata          main.o
    0x0801036e   0x0801036e   0x00000018   Data   RO          401    .constdata          system_stm32f4xx.o
    0x08010386   0x08010386   0x00000008   Data   RO         1892    .constdata          stm32f4xx_hal_dma.o
    0x0801038e   0x0801038e   0x0000006e   Data   RO         5312    .constdata          i2s.o
    0x080103fc   0x080103fc   0x00000024   Data   RO         5865    .constdata          malloc.o
    0x08010420   0x08010420   0x0000004a   Data   RO         6006    .constdata          ff.o
    0x0801046a   0x0801046a   0x00000002   PAD
    0x0801046c   0x0801046c   0x00000070   Data   RO         6422    .constdata          exfuns.o
    0x080104dc   0x080104dc   0x000003c0   Data   RO         6654    .constdata          mycc936.o
    0x0801089c   0x0801089c   0x00000028   Data   RO         5659    .conststring        usmart.o
    0x080108c4   0x080108c4   0x00000289   Data   RO         5820    .conststring        usmart_config.o
    0x08010b4d   0x08010b4d   0x00000003   PAD
    0x08010b50   0x08010b50   0x00000048   Data   RO         6423    .conststring        exfuns.o
    0x08010b98   0x08010b98   0x00000020   Data   RO         7319    Region$$Table       anon$$obj.o


    Execution Region RW_IRAM1 (Exec base: 0x20000000, Load base: 0x08010bb8, Size: 0x0001c860, Max: 0x00020000, ABSOLUTE, COMPRESSED[0x00000140])

    Exec Addr    Load Addr    Size         Type   Attr      Idx    E Section Name        Object

    0x20000000   COMPRESSED   0x00000004   Data   RW          402    .data               system_stm32f4xx.o
    0x20000004   COMPRESSED   0x00000009   Data   RW          588    .data               stm32f4xx_hal.o
    0x2000000d   COMPRESSED   0x00000003   PAD
    0x20000010   COMPRESSED   0x00000004   Data   RW         4627    .data               delay.o
    0x20000014   COMPRESSED   0x00000007   Data   RW         4697    .data               usart.o
    0x2000001b   COMPRESSED   0x00000001   Data   RW         5002    .data               key.o
    0x2000001c   COMPRESSED   0x00000002   Data   RW         5140    .data               w25qxx.o
    0x2000001e   COMPRESSED   0x00000002   PAD
    0x20000020   COMPRESSED   0x00000004   Data   RW         5313    .data               i2s.o
    0x20000024   COMPRESSED   0x00000074   Data   RW         5396    .data               wm8978.o
    0x20000098   COMPRESSED   0x00000009   Data   RW         5588    .data               remote.o
    0x200000a1   COMPRESSED   0x00000003   PAD
    0x200000a4   COMPRESSED   0x0000001c   Data   RW         5660    .data               usmart.o
    0x200000c0   COMPRESSED   0x000001bc   Data   RW         5821    .data               usmart_config.o
    0x2000027c   COMPRESSED   0x00000024   Data   RW         5866    .data               malloc.o
    0x200002a0   COMPRESSED   0x0000000a   Data   RW         6007    .data               ff.o
    0x200002aa   COMPRESSED   0x00000002   Data   RW         6352    .data               diskio.o
    0x200002ac   COMPRESSED   0x0000001c   Data   RW         6424    .data               exfuns.o
    0x200002c8   COMPRESSED   0x00000008   Data   RW         6784    .data               wavplay.o
    0x200002d0   COMPRESSED   0x0000000a   Data   RW         6925    .data               XMRAM.lib(xmram.o)
    0x200002da   COMPRESSED   0x00000002   PAD
    0x200002dc        -       0x00000020   Zero   RW         4400    .bss                stm32f4xx_hal_flash.o
    0x200002fc        -       0x00000108   Zero   RW         4696    .bss                usart.o
    0x20000404        -       0x0000005e   Zero   RW         4811    .bss                lcd.o
    0x20000462   COMPRESSED   0x00000002   PAD
    0x20000464        -       0x00000050   Zero   RW         5034    .bss                sram.o
    0x200004b4        -       0x00000058   Zero   RW         5080    .bss                spi.o
    0x2000050c        -       0x00001000   Zero   RW         5139    .bss                w25qxx.o
    0x2000150c        -       0x00000364   Zero   RW         5249    .bss                sdio_sdcard.o
    0x20001870        -       0x000000a8   Zero   RW         5311    .bss                i2s.o
    0x20001918        -       0x00000040   Zero   RW         5587    .bss                remote.o
    0x20001958        -       0x00000040   Zero   RW         5658    .bss                usmart.o
    0x20001998   COMPRESSED   0x00000008   PAD
    0x200019a0        -       0x0001a900   Zero   RW         5864    .bss                malloc.o
    0x2001c2a0        -       0x00000168   Zero   RW         6421    .bss                exfuns.o
    0x2001c408        -       0x00000021   Zero   RW         6729    .bss                fontupd.o
    0x2001c429        -       0x00000020   Zero   RW         6783    .bss                wavplay.o
    0x2001c449        -       0x00000011   Zero   RW         6858    .bss                audioplay.o
    0x2001c45a   COMPRESSED   0x00000006   PAD
    0x2001c460        -       0x00000400   Zero   RW          551    STACK               startup_stm32f407xx.o



  Load Region LR$$.ARM.__AT_0x10000000 (Base: 0x10000000, Size: 0x00000000, Max: 0x0000f000, ABSOLUTE)

    Execution Region ER$$.ARM.__AT_0x10000000 (Exec base: 0x10000000, Load base: 0x10000000, Size: 0x0000f000, Max: 0x0000f000, ABSOLUTE, UNINIT)

    Exec Addr    Load Addr    Size         Type   Attr      Idx    E Section Name        Object

    0x10000000        -       0x0000f000   Zero   RW         5860    .ARM.__AT_0x10000000  malloc.o



  Load Region LR$$.ARM.__AT_0x1000F000 (Base: 0x1000f000, Size: 0x00000000, Max: 0x00000f00, ABSOLUTE)

    Execution Region ER$$.ARM.__AT_0x1000F000 (Exec base: 0x1000f000, Load base: 0x1000f000, Size: 0x00000f00, Max: 0x00000f00, ABSOLUTE, UNINIT)

    Exec Addr    Load Addr    Size         Type   Attr      Idx    E Section Name        Object

    0x1000f000        -       0x00000f00   Zero   RW         5861    .ARM.__AT_0x1000F000  malloc.o



  Load Region LR$$.ARM.__AT_0x68000000 (Base: 0x68000000, Size: 0x00000000, Max: 0x000f0000, ABSOLUTE)

    Execution Region ER$$.ARM.__AT_0x68000000 (Exec base: 0x68000000, Load base: 0x68000000, Size: 0x000f0000, Max: 0x000f0000, ABSOLUTE, UNINIT)

    Exec Addr    Load Addr    Size         Type   Attr      Idx    E Section Name        Object

    0x68000000        -       0x000f0000   Zero   RW         5862    .ARM.__AT_0x68000000  malloc.o



  Load Region LR$$.ARM.__AT_0x680F0000 (Base: 0x680f0000, Size: 0x00000000, Max: 0x0000f000, ABSOLUTE)

    Execution Region ER$$.ARM.__AT_0x680F0000 (Exec base: 0x680f0000, Load base: 0x680f0000, Size: 0x0000f000, Max: 0x0000f000, ABSOLUTE, UNINIT)

    Exec Addr    Load Addr    Size         Type   Attr      Idx    E Section Name        Object

    0x680f0000        -       0x0000f000   Zero   RW         5863    .ARM.__AT_0x680F0000  malloc.o


==============================================================================

Image component sizes


      Code (inc. data)   RO Data    RW Data    ZI Data      Debug   Object Name

       654        106          0          0         17       4726   audioplay.o
       116          8          0          4          0       2015   delay.o
       458          8          0          2          0       6172   diskio.o
       334         22        184         28        360       3216   exfuns.o
      1828        850          0          0          0      13994   fattester.o
     16534        176         74         10          0      67768   ff.o
         0          0          0          0         33       1493   fontupd.o
       928         90        110          4        168       5444   i2s.o
       332         26          0          1          0       1718   key.o
     11628        160          0          0         94      16057   lcd.o
        92          8          0          0          0        891   led.o
       312         56        240          0          0     752227   main.o
       504         60         36         36    1218560       6658   malloc.o
       208         16        960          0          0       2015   mycc936.o
       444         70          0          0          0       3293   myiic.o
       840         82          0          9         64       5059   remote.o
       464         44          0          0        868       4593   sdio_sdcard.o
       308         30          0          0         88       2910   spi.o
       360         28          0          0         80       1503   sram.o
        36          8        392          0       1024        836   startup_stm32f407xx.o
       212         38          0          9          0       5248   stm32f4xx_hal.o
       344         22          0          0          0      35097   stm32f4xx_hal_cortex.o
       610         10          8          0          0       4299   stm32f4xx_hal_dma.o
       156          0          0          0          0       2125   stm32f4xx_hal_dma_ex.o
       636         64          0          0         32       6174   stm32f4xx_hal_flash.o
       432         26          0          0          0       3362   stm32f4xx_hal_flash_ex.o
       540         46          0          0          0       3063   stm32f4xx_hal_gpio.o
       782         16          0          0          0       5389   stm32f4xx_hal_i2s.o
       912         26          0          0          0       4775   stm32f4xx_hal_i2s_ex.o
         2          0          0          0          0        462   stm32f4xx_hal_msp.o
      1732         84          0          0          0       5668   stm32f4xx_hal_rcc.o
       560         38          0          0          0       2261   stm32f4xx_hal_rcc_ex.o
      3084          4          0          0          0      13544   stm32f4xx_hal_sd.o
      1148          8          0          0          0       4721   stm32f4xx_hal_spi.o
        88          0          0          0          0       1244   stm32f4xx_hal_sram.o
      1522         76          0          0          0      13044   stm32f4xx_hal_tim.o
         4          0          0          0          0       1629   stm32f4xx_hal_tim_ex.o
      1808         12          0          0          0       8907   stm32f4xx_hal_uart.o
        32          0          0          0          0       4198   stm32f4xx_it.o
       232         10          0          0          0       2803   stm32f4xx_ll_fsmc.o
      2090         40          0          0          0      24735   stm32f4xx_ll_sdmmc.o
       220         14          0          0          0       1771   sys.o
       100         18         24          4          0       1143   system_stm32f4xx.o
       440         54          0          7        264       5045   usart.o
      3202       1354         40         28         64       8107   usmart.o
         0          0        649        444          0       3924   usmart_config.o
      1400         20          0          0          0       9193   usmart_str.o
       982        104          0          2       4096       8189   w25qxx.o
      1912        374          0          8         32       6667   wavplay.o
       644         10          0        116          0       7755   wm8978.o

    ----------------------------------------------------------------------
     62268       4316       2754        720    1225860    1107130   Object Totals
         0          0         32          0          0          0   (incl. Generated)
        62          0          5          8         16          0   (incl. Padding)

    ----------------------------------------------------------------------

      Code (inc. data)   RO Data    RW Data    ZI Data      Debug   Library Member Name

      1362        112          0         10          0     236098   xmram.o
        86          0          0          0          0          0   __dczerorl2.o
         0          0          0          0          0          0   entry.o
         0          0          0          0          0          0   entry10a.o
         0          0          0          0          0          0   entry11a.o
         8          4          0          0          0          0   entry2.o
         4          0          0          0          0          0   entry5.o
         0          0          0          0          0          0   entry7b.o
         0          0          0          0          0          0   entry8b.o
         8          4          0          0          0          0   entry9a.o
        30          0          0          0          0          0   handlers.o
        36          8          0          0          0         68   init.o
         0          0          0          0          0          0   iusefp.o
        98          0          0          0          0         84   ldiv.o
        30          0          0          0          0         68   llshl.o
        32          0          0          0          0         68   llushr.o
      1154         54          0          0          0        352   printf8.o
        24          0          0          0          0         68   strcat.o
        28          0          0          0          0         76   strcmp.o
        18          0          0          0          0         68   strcpy.o
        98          0          0          0          0         92   uldiv.o
       186          0          0          0          0        176   depilogue.o
        50          0          0          0          0         76   dfixui.o
        26          0          0          0          0         76   dfltui.o
       228          0          0          0          0         96   dmul.o

    ----------------------------------------------------------------------
      3514        182          0         12          0     237466   Library Totals
         8          0          0          2          0          0   (incl. Padding)

    ----------------------------------------------------------------------

      Code (inc. data)   RO Data    RW Data    ZI Data      Debug   Library Name

      1362        112          0         10          0     236098   XMRAM.lib
      1654         70          0          0          0        944   mc_w.l
       490          0          0          0          0        424   mf_w.l

    ----------------------------------------------------------------------
      3514        182          0         12          0     237466   Library Totals

    ----------------------------------------------------------------------

==============================================================================


      Code (inc. data)   RO Data    RW Data    ZI Data      Debug   

     65782       4498       2754        732    1225860    1306352   Grand Totals
     65782       4498       2754        320    1225860    1306352   ELF Image Totals (compressed)
     65782       4498       2754        320          0          0   ROM Totals

==============================================================================

    Total RO  Size (Code + RO Data)                68536 (  66.93kB)
    Total RW  Size (RW Data + ZI Data)           1226592 (1197.84kB)
    Total ROM Size (Code + RO Data + RW Data)      68856 (  67.24kB)

==============================================================================

