<html>
<body>
<pre>
<h1>礦ision Build Log</h1>
<h2>Tool Versions:</h2>
IDE-Version: μVision V5.31.0.0
Copyright (C) 2020 ARM Ltd and ARM Germany GmbH. All rights reserved.
License Information: t t, tt, LIC=9WSKC-7BQBJ-CXUU6-D3GCV-W0ZQH-YNN8K
 
Tool Versions:
Toolchain:       MDK-ARM Plus  Version: 5.31.0.0
Toolchain Path:  C:\Keil_v5\ARM\ARMCC\Bin
C Compiler:      Armcc.exe V5.06 update 6 (build 750)
Assembler:       Armasm.exe V5.06 update 6 (build 750)
Linker/Locator:  ArmLink.exe V5.06 update 6 (build 750)
Library Manager: ArmAr.exe V5.06 update 6 (build 750)
Hex Converter:   FromElf.exe V5.06 update 6 (build 750)
CPU DLL:         SARMCM3.DLL V5.31.0.0
Dialog DLL:      DCM.DLL V1.17.3.0
Target DLL:      Segger\JL2CM3.dll V2.99.38.0
Dialog DLL:      TCM.DLL V1.46.0.0
 
<h2>Project:</h2>
G:\KeilProject\STM32F407ZET\mp3\实验43 音乐播放器实验\USER\AudioPlayer.uvprojx
Project File Date:  01/03/2022

<h2>Output:</h2>
*** Using Compiler 'V5.06 update 6 (build 750)', folder: 'C:\Keil_v5\ARM\ARMCC\Bin'
Build target 'AudioPlayer'
compiling remote.c...
compiling wavplay.c...
..\AUDIOCODEC\wav\wavplay.c(322): warning:  #177-D: variable "res"  was declared but never referenced
  	u8 res;
..\AUDIOCODEC\wav\wavplay.c: 1 warning, 0 errors
compiling main.c...
main.c(118): warning:  #550-D: variable "FlashStatus"  was set but never used
  	HAL_StatusTypeDef FlashStatus = HAL_OK;
main.c: 1 warning, 0 errors
linking...
Program Size: Code=65782 RO-data=2754 RW-data=732 ZI-data=1225860  
FromELF: creating hex file...
"..\OBJ\Template.axf" - 0 Error(s), 2 Warning(s).

<h2>Software Packages used:</h2>

Package Vendor: Keil
                http://www.keil.com/pack/Keil.STM32F4xx_DFP.2.2.0.pack
                Keil.STM32F4xx_DFP.2.2.0
                STMicroelectronics STM32F4 Series Device Support, Drivers and Examples

<h2>Collection of Component include folders:</h2>
  C:\Users\len\AppData\Local\Arm\Packs\Keil\STM32F4xx_DFP\2.2.0\Drivers\CMSIS\Device\ST\STM32F4xx\Include

<h2>Collection of Component Files used:</h2>
Build Time Elapsed:  00:00:12
</pre>
</body>
</html>
